07-03 15:35:47.242  4470  4531 W ziparchive: Unable to open '/data/app/~~0SUH2s7o3NXTZ17mD215bQ==/com.qrolic.reminderapp-CWG7756Z3akrNG1yK9sl6g==/base.apk': No such file or directory
07-03 15:35:47.242  4470  4531 E .apps.wellbeing: Failed to open APK '/data/app/~~0SUH2s7o3NXTZ17mD215bQ==/com.qrolic.reminderapp-CWG7756Z3akrNG1yK9sl6g==/base.apk': I/O error
07-03 15:35:47.242  4470  4531 E ResourcesManager: failed to add asset path '/data/app/~~0SUH2s7o3NXTZ17mD215bQ==/com.qrolic.reminderapp-CWG7756Z3akrNG1yK9sl6g==/base.apk'
07-03 15:35:47.242  4470  4531 E ResourcesManager: java.io.IOException: Failed to load asset path /data/app/~~0SUH2s7o3NXTZ17mD215bQ==/com.qrolic.reminderapp-CWG7756Z3akrNG1yK9sl6g==/base.apk
07-03 15:35:47.242  4470  4531 W PackageManager: Failure retrieving resources for com.qrolic.reminderapp
07-03 15:36:00.566  4726  4726 I AiAiEcho: AppFetcherImpl onPackageChanged com.qrolic.reminderapp.
07-03 15:36:00.568  4726  8036 I AiAiEcho: AppIndexer Package:[com.qrolic.reminderapp] UserProfile:[0] Enabled:[true].
07-03 15:36:00.572  4726  8036 I AiAiEcho: AppFetcherImplV2 updateApps package:[com.qrolic.reminderapp], userId:[0], reason:[package is updated.].
07-03 15:36:27.771   663  1150 W ProcessStats: Tracking association SourceState{18834c com.qrolic.reminderapp/10184 BTop #4150} whose proc state 2 is better than process ProcessState{442b3a2 com.google.android.gms.persistent/10116 pkg=com.google.android.gms} proc state 9 (943 skipped)
07-03 15:37:26.949   663  1569 W ProcessStats: Tracking association SourceState{18834c com.qrolic.reminderapp/10184 BTop #4219} whose proc state 2 is better than process ProcessState{442b3a2 com.google.android.gms.persistent/10116 pkg=com.google.android.gms} proc state 9 (78 skipped)
07-03 15:40:14.634   663  2787 W ProcessStats: Tracking association SourceState{18834c com.qrolic.reminderapp/10184 BTop #4226} whose proc state 2 is better than process ProcessState{442b3a2 com.google.android.gms.persistent/10116 pkg=com.google.android.gms} proc state 9 (48 skipped)
07-03 15:45:32.788   663  1569 I ActivityManager: Force stopping com.qrolic.reminderapp appid=10184 user=0: from pid 9858
07-03 15:45:32.913   663  1569 I ActivityManager: Killing 8395:com.qrolic.reminderapp/u0a184 (adj 0): stop com.qrolic.reminderapp due to from pid 9858
07-03 15:45:33.178   663  1569 W ActivityTaskManager: Force removing ActivityRecord{6e06562 u0 com.qrolic.reminderapp/.activity.SplashActivity t18 f}}: app died, no saved state
07-03 15:45:33.483   663   908 D ConnectivityService: releasing NetworkRequest [ REQUEST id=214, [ Capabilities: INTERNET&NOT_RESTRICTED&TRUSTED&NOT_VCN_MANAGED Uid: 10184 RequestorUid: 10184 RequestorPkg: com.qrolic.reminderapp UnderlyingNetworks: Null] ] (release request)
07-03 15:45:33.521  7977  8046 V WindowManagerShell: Transition requested: android.os.BinderProxy@72a8359 TransitionRequestInfo { type = CLOSE, triggerTask = TaskInfo{userId=0 taskId=18 displayId=0 isRunning=false baseIntent=Intent { act=android.intent.action.MAIN cat=[android.intent.category.LAUNCHER] flg=0x10000000 cmp=com.qrolic.reminderapp/.activity.SplashActivity } baseActivity=null topActivity=null origActivity=null realActivity=ComponentInfo{com.qrolic.reminderapp/com.qrolic.reminderapp.activity.SplashActivity} numActivities=0 lastActiveTime=763056 supportsMultiWindow=true resizeMode=1 isResizeable=true minWidth=-1 minHeight=-1 defaultMinSize=220 token=WCT{android.window.IWindowContainerToken$Stub$Proxy@f53b1e} topActivityType=1 pictureInPictureParams=null shouldDockBigOverlays=false launchIntoPipHostTaskId=-1 lastParentTaskIdBeforePip=-1 displayCutoutSafeInsets=null topActivityInfo=null launchCookies=[] positionInParent=Point(0, 0) parentTaskId=-1 isFocused=true isVisible=true isSleeping=false topActivityInSizeCompat=false topActivityEligibleForLetterboxEducation= false topActivityLetterboxed= false isFromDoubleTap= false topActivityLetterboxVerticalPosition= -1 topActivityLetterboxHorizontalPosition= -1 topActivityLetterboxWidth=-1 topActivityLetterboxHeight=-1 locusId=null displayAreaFeatureId=1 cameraCompatControlState=hidden}, remoteTransition = null, displayChange = null }
07-03 15:45:34.444   663  1569 W WindowManager: Failed to deliver inset control state change to w=Window{54f5003 u0 com.qrolic.reminderapp/com.qrolic.reminderapp.activity.SplashActivity}
07-03 15:45:34.448   663  1569 W WindowManager: Failed to deliver inset control state change to w=Window{50162f1 u0 com.qrolic.reminderapp/com.qrolic.reminderapp.activity.SplashActivity}
07-03 15:45:34.465   663  3128 I WindowManager: WIN DEATH: Window{50162f1 u0 com.qrolic.reminderapp/com.qrolic.reminderapp.activity.SplashActivity}
07-03 15:45:34.496   663  3128 W InputManager-JNI: Input channel object '50162f1 com.qrolic.reminderapp/com.qrolic.reminderapp.activity.SplashActivity (client)' was disposed without first being removed with the input manager!
07-03 15:45:34.522   663  1154 I WindowManager: WIN DEATH: Window{54f5003 u0 com.qrolic.reminderapp/com.qrolic.reminderapp.activity.SplashActivity}
07-03 15:45:34.529   663  1154 W InputManager-JNI: Input channel object '54f5003 com.qrolic.reminderapp/com.qrolic.reminderapp.activity.SplashActivity (client)' was disposed without first being removed with the input manager!
07-03 15:45:34.989   663  1569 I AppsFilter: interaction: PackageSetting{e3c94c0 com.example.myapplication/10183} -> PackageSetting{c7b41e7 com.qrolic.reminderapp/10184} BLOCKED
07-03 15:45:35.155  4704  4704 D CarrierSvcBindHelper: onHandleForceStop: [com.qrolic.reminderapp]
07-03 15:45:35.509   663  2111 V ActivityManager: Got obituary of 8395:com.qrolic.reminderapp
07-03 15:45:37.479  9888  9888 W run-as  : type=1400 audit(0.0:10): avc:  granted  { execute } for  name="install_server-b3369435" dev="dm-39" ino=336511 scontext=u:r:runas_app:s0:c184,c256,c512,c768 tcontext=u:object_r:app_data_file:s0:c184,c256,c512,c768 tclass=file app=com.qrolic.reminderapp
07-03 15:45:37.495  9888  9888 W install_server-: type=1400 audit(0.0:11): avc:  granted  { execute } for  path="/data/data/com.qrolic.reminderapp/code_cache/install_server-b3369435" dev="dm-39" ino=336511 scontext=u:r:runas_app:s0:c184,c256,c512,c768 tcontext=u:object_r:app_data_file:s0:c184,c256,c512,c768 tclass=file app=com.qrolic.reminderapp
07-03 15:45:37.523  9888  9888 W install_server-: type=1400 audit(0.0:12): avc:  denied  { search } for  name="tests" dev="dm-39" ino=65540 scontext=u:r:runas_app:s0:c184,c256,c512,c768 tcontext=u:object_r:shell_test_data_file:s0 tclass=dir permissive=0 app=com.qrolic.reminderapp
07-03 15:45:37.523  9888  9888 W install_server-: type=1400 audit(0.0:13): avc:  denied  { search } for  name="tests" dev="dm-39" ino=65540 scontext=u:r:runas_app:s0:c184,c256,c512,c768 tcontext=u:object_r:shell_test_data_file:s0 tclass=dir permissive=0 app=com.qrolic.reminderapp
07-03 15:45:37.523  9888  9888 W install_server-: type=1400 audit(0.0:14): avc:  denied  { search } for  name="tests" dev="dm-39" ino=65540 scontext=u:r:runas_app:s0:c184,c256,c512,c768 tcontext=u:object_r:shell_test_data_file:s0 tclass=dir permissive=0 app=com.qrolic.reminderapp
07-03 15:45:37.523  9888  9888 W install_server-: type=1400 audit(0.0:15): avc:  denied  { search } for  name="tests" dev="dm-39" ino=65540 scontext=u:r:runas_app:s0:c184,c256,c512,c768 tcontext=u:object_r:shell_test_data_file:s0 tclass=dir permissive=0 app=com.qrolic.reminderapp
07-03 15:45:38.467  9888  9888 E studio.deploy: Could not remove dir '/data/data/com.qrolic.reminderapp/code_cache/.ll/': No such file or directory
07-03 15:45:38.713   663   718 V WindowManager: Sent Transition #15 createdAt=07-03 15:45:33.188 via request=TransitionRequestInfo { type = CLOSE, triggerTask = TaskInfo{userId=0 taskId=18 displayId=0 isRunning=false baseIntent=Intent { act=android.intent.action.MAIN cat=[android.intent.category.LAUNCHER] flg=0x10000000 cmp=com.qrolic.reminderapp/.activity.SplashActivity } baseActivity=null topActivity=null origActivity=null realActivity=ComponentInfo{com.qrolic.reminderapp/com.qrolic.reminderapp.activity.SplashActivity} numActivities=0 lastActiveTime=763056 supportsMultiWindow=true resizeMode=1 isResizeable=true minWidth=-1 minHeight=-1 defaultMinSize=220 token=WCT{RemoteToken{178adad Task{83b36f3 #18 type=standard A=10184:com.qrolic.reminderapp}}} topActivityType=1 pictureInPictureParams=null shouldDockBigOverlays=false launchIntoPipHostTaskId=-1 lastParentTaskIdBeforePip=-1 displayCutoutSafeInsets=null topActivityInfo=null launchCookies=[] positionInParent=Point(0, 0) parentTaskId=-1 isFocused=true isVisible=true isSleeping=false topActivityInSizeCompat=false topActivityEligibleForLetterboxEducation= false topActivityLetterboxed= false isFromDoubleTap= false topActivityLetterboxVerticalPosition= -1 topActivityLetterboxHorizontalPosition= -1 topActivityLetterboxWidth=-1 topActivityLetterboxHeight=-1 locusId=null displayAreaFeatureId=1 cameraCompatControlState=hidden}, remoteTransition = null, displayChange = null }
07-03 15:45:38.744   663   718 V WindowManager:     info={id=15 t=CLOSE f=0x0 trk=0 r=[0@Point(0, 0)] c=[{WCT{RemoteToken{178adad Task{83b36f3 #18 type=standard A=10184:com.qrolic.reminderapp}}} m=CLOSE f=NONE leash=Surface(name=Task=18)/@0x23a4cdc sb=Rect(0, 0 - 1080, 2220) eb=Rect(0, 0 - 1080, 2220) d=0},{WCT{RemoteToken{111a12e Task{4733fb #1 type=home}}} m=SHOW f=SHOW_WALLPAPER leash=Surface(name=Task=1)/@0x514e5f9 sb=Rect(0, 0 - 1080, 2220) eb=Rect(0, 0 - 1080, 2220) d=0}]}
07-03 15:45:38.903   663  3087 I ActivityManager: Force stopping com.qrolic.reminderapp appid=10184 user=0: from pid 9904
07-03 15:45:38.905   663  3087 I WindowManager:   Force removing ActivityRecord{6e06562 u0 com.qrolic.reminderapp/.activity.SplashActivity t18 f} isExiting}
07-03 15:45:38.915   663  3087 W WindowManager: removeAppToken: Attempted to remove non-existing token: Token{ee69fb0 ActivityRecord{6e06562 u0 com.qrolic.reminderapp/.activity.SplashActivity t18 f} isExiting}}
07-03 15:45:38.995   663  3087 I AppsFilter: interaction: PackageSetting{e3c94c0 com.example.myapplication/10183} -> PackageSetting{c7b41e7 com.qrolic.reminderapp/10184} BLOCKED
07-03 15:45:39.036  4704  4704 D CarrierSvcBindHelper: onHandleForceStop: [com.qrolic.reminderapp]
07-03 15:45:40.855   663  3087 V SplashScreenExceptionList: SplashScreen checking exception for package com.qrolic.reminderapp (target sdk:30) -> false
07-03 15:45:40.877   663  3087 I ActivityTaskManager: Add Task{83b36f3 #18 type=standard A=10184:com.qrolic.reminderapp} to hidden list because adding Task{487e392 #22 type=standard A=10184:com.qrolic.reminderapp}
07-03 15:45:41.075   663  3087 I ActivityTaskManager: START u0 {act=android.intent.action.MAIN cat=[android.intent.category.LAUNCHER] flg=0x10000000 cmp=com.qrolic.reminderapp/.activity.SplashActivity} with LAUNCH_MULTIPLE from uid 2000 (BAL_ALLOW_PERMISSION) result code=0
07-03 15:45:41.122   663   722 W WindowManager: Failed to deliver inset control state change to w=Window{50162f1 u0 com.qrolic.reminderapp/com.qrolic.reminderapp.activity.SplashActivity EXITING}
07-03 15:45:41.277   663   677 W WindowManager: Exception thrown during dispatchAppVisibility Window{50162f1 u0 com.qrolic.reminderapp/com.qrolic.reminderapp.activity.SplashActivity EXITING}
07-03 15:45:41.544  7977  8046 V WindowManagerShell: Transition requested: android.os.BinderProxy@c018332 TransitionRequestInfo { type = OPEN, triggerTask = TaskInfo{userId=0 taskId=22 displayId=0 isRunning=true baseIntent=Intent { act=android.intent.action.MAIN cat=[android.intent.category.LAUNCHER] flg=0x10000000 cmp=com.qrolic.reminderapp/.activity.SplashActivity } baseActivity=ComponentInfo{com.qrolic.reminderapp/com.qrolic.reminderapp.activity.SplashActivity} topActivity=ComponentInfo{com.qrolic.reminderapp/com.qrolic.reminderapp.activity.SplashActivity} origActivity=null realActivity=ComponentInfo{com.qrolic.reminderapp/com.qrolic.reminderapp.activity.SplashActivity} numActivities=1 lastActiveTime=1389773 supportsMultiWindow=true resizeMode=1 isResizeable=true minWidth=-1 minHeight=-1 defaultMinSize=220 token=WCT{android.window.IWindowContainerToken$Stub$Proxy@d4a4883} topActivityType=1 pictureInPictureParams=null shouldDockBigOverlays=false launchIntoPipHostTaskId=-1 lastParentTaskIdBeforePip=-1 displayCutoutSafeInsets=null topActivityInfo=ActivityInfo{30afa00 com.qrolic.reminderapp.activity.SplashActivity} launchCookies=[] positionInParent=Point(0, 0) parentTaskId=-1 isFocused=false isVisible=false isSleeping=false topActivityInSizeCompat=false topActivityEligibleForLetterboxEducation= false topActivityLetterboxed= false isFromDoubleTap= false topActivityLetterboxVerticalPosition= -1 topActivityLetterboxHorizontalPosition= -1 topActivityLetterboxWidth=-1 topActivityLetterboxHeight=-1 locusId=null displayAreaFeatureId=1 cameraCompatControlState=hidden}, remoteTransition = null, displayChange = null }
07-03 15:45:41.895   663   734 I ActivityManager: Start proc 9920:com.qrolic.reminderapp/u0a184 for next-top-activity {com.qrolic.reminderapp/com.qrolic.reminderapp.activity.SplashActivity}
07-03 15:45:41.978   663  2294 D CoreBackPreview: Window{870b3b6 u0 Splash Screen com.qrolic.reminderapp}: Setting back callback OnBackInvokedCallbackInfo{mCallback=android.window.IOnBackInvokedCallback$Stub$Proxy@a869953, mPriority=0, mIsAnimationCallback=false}
07-03 15:45:42.200   663   718 V WindowManager: Sent Transition #16 createdAt=07-03 15:45:40.622 via request=TransitionRequestInfo { type = OPEN, triggerTask = TaskInfo{userId=0 taskId=22 displayId=0 isRunning=true baseIntent=Intent { act=android.intent.action.MAIN cat=[android.intent.category.LAUNCHER] flg=0x10000000 cmp=com.qrolic.reminderapp/.activity.SplashActivity } baseActivity=ComponentInfo{com.qrolic.reminderapp/com.qrolic.reminderapp.activity.SplashActivity} topActivity=ComponentInfo{com.qrolic.reminderapp/com.qrolic.reminderapp.activity.SplashActivity} origActivity=null realActivity=ComponentInfo{com.qrolic.reminderapp/com.qrolic.reminderapp.activity.SplashActivity} numActivities=1 lastActiveTime=1389773 supportsMultiWindow=true resizeMode=1 isResizeable=true minWidth=-1 minHeight=-1 defaultMinSize=220 token=WCT{RemoteToken{90f77bc Task{487e392 #22 type=standard A=10184:com.qrolic.reminderapp}}} topActivityType=1 pictureInPictureParams=null shouldDockBigOverlays=false launchIntoPipHostTaskId=-1 lastParentTaskIdBeforePip=-1 displayCutoutSafeInsets=null topActivityInfo=ActivityInfo{9797345 com.qrolic.reminderapp.activity.SplashActivity} launchCookies=[] positionInParent=Point(0, 0) parentTaskId=-1 isFocused=false isVisible=false isSleeping=false topActivityInSizeCompat=false topActivityEligibleForLetterboxEducation= false topActivityLetterboxed= false isFromDoubleTap= false topActivityLetterboxVerticalPosition= -1 topActivityLetterboxHorizontalPosition= -1 topActivityLetterboxWidth=-1 topActivityLetterboxHeight=-1 locusId=null displayAreaFeatureId=1 cameraCompatControlState=hidden}, remoteTransition = null, displayChange = null }
07-03 15:45:42.219   663   718 V WindowManager:     info={id=16 t=OPEN f=0x0 trk=1 r=[0@Point(0, 0)] c=[{WCT{RemoteToken{90f77bc Task{487e392 #22 type=standard A=10184:com.qrolic.reminderapp}}} m=OPEN f=NONE leash=Surface(name=Task=22)/@0x738c290 sb=Rect(0, 0 - 1080, 2220) eb=Rect(0, 0 - 1080, 2220) d=0},{WCT{RemoteToken{111a12e Task{4733fb #1 type=home}}} m=HIDE f=SHOW_WALLPAPER leash=Surface(name=Task=1)/@0x514e5f9 sb=Rect(0, 0 - 1080, 2220) eb=Rect(0, 0 - 1080, 2220) d=0}]}
07-03 15:45:42.414  9920  9920 I lic.reminderapp: Late-enabling -Xcheck:jni
07-03 15:45:44.653  9920  9920 I lic.reminderapp: Using CollectorTypeCC GC.
07-03 15:45:44.698  9920  9920 W lic.reminderapp: Unexpected CPU variant for x86: x86_64.
07-03 15:45:44.698  9920  9920 W lic.reminderapp: Known variants: atom, sandybridge, silvermont, goldmont, goldmont-plus, tremont, kabylake, default
07-03 15:45:45.999  9920  9920 W re-initialized>: type=1400 audit(0.0:16): avc:  granted  { execute } for  path="/data/data/com.qrolic.reminderapp/code_cache/startup_agents/b3369435-agent.so" dev="dm-39" ino=336664 scontext=u:r:untrusted_app_30:s0:c184,c256,c512,c768 tcontext=u:object_r:app_data_file:s0:c184,c256,c512,c768 tclass=file app=com.qrolic.reminderapp
07-03 15:45:46.143  9920  9920 W lic.reminderapp: DexFile /data/data/com.qrolic.reminderapp/code_cache/.studio/instruments-234ebcbd.jar is in boot class path but is not in a known location
07-03 15:45:46.264  9920  9920 W lic.reminderapp: Current dex file has more than one class in it. Calling RetransformClasses on this class might fail if no transformations are applied to it!
07-03 15:45:46.345  9920  9920 W lic.reminderapp: Current dex file has more than one class in it. Calling RetransformClasses on this class might fail if no transformations are applied to it!
07-03 15:45:46.363  9920  9920 W lic.reminderapp: Redefining intrinsic method java.lang.Thread java.lang.Thread.currentThread(). This may cause the unexpected use of the original definition of java.lang.Thread java.lang.Thread.currentThread()in methods that have already been compiled.
07-03 15:45:46.371  9920  9920 W lic.reminderapp: Redefining intrinsic method boolean java.lang.Thread.interrupted(). This may cause the unexpected use of the original definition of boolean java.lang.Thread.interrupted()in methods that have already been compiled.
07-03 15:45:46.386  9920  9920 W lic.reminderapp: Current dex file has more than one class in it. Calling RetransformClasses on this class might fail if no transformations are applied to it!
07-03 15:45:46.492  9920  9920 W lic.reminderapp: Current dex file has more than one class in it. Calling RetransformClasses on this class might fail if no transformations are applied to it!
07-03 15:45:46.558  9920  9920 W lic.reminderapp: Current dex file has more than one class in it. Calling RetransformClasses on this class might fail if no transformations are applied to it!
07-03 15:45:46.899  9920  9920 W ziparchive: Unable to open '/data/app/~~9GBDy-R1a7-qo4ztIGU4zg==/com.qrolic.reminderapp-pK-JOJjGDOTLxIltBXRnTA==/base.dm': No such file or directory
07-03 15:45:46.906  9920  9920 W ziparchive: Unable to open '/data/app/~~9GBDy-R1a7-qo4ztIGU4zg==/com.qrolic.reminderapp-pK-JOJjGDOTLxIltBXRnTA==/base.dm': No such file or directory
07-03 15:45:48.301  9920  9920 D nativeloader: Configuring clns-6 for other apk /data/app/~~9GBDy-R1a7-qo4ztIGU4zg==/com.qrolic.reminderapp-pK-JOJjGDOTLxIltBXRnTA==/base.apk. target_sdk_version=30, uses_libraries=, library_path=/data/app/~~9GBDy-R1a7-qo4ztIGU4zg==/com.qrolic.reminderapp-pK-JOJjGDOTLxIltBXRnTA==/lib/x86_64, permitted_path=/data:/mnt/expand:/data/user/0/com.qrolic.reminderapp
07-03 15:45:48.602  9920  9920 V GraphicsEnvironment: ANGLE GameManagerService for com.qrolic.reminderapp: false
07-03 15:45:48.603  9920  9920 V GraphicsEnvironment: com.qrolic.reminderapp is not listed in per-application setting
07-03 15:45:48.945  9920  9954 W lic.reminderapp: Verification of void d.d.b.a.e.a.n0.<clinit>() took 225.134ms (15710.59 bytecodes/s) (35352B approximate peak alloc)
07-03 15:45:49.660  9920  9920 W lic.reminderapp: Accessing hidden method Landroid/view/View;->computeFitSystemWindows(Landroid/graphics/Rect;Landroid/graphics/Rect;)Z (unsupported, reflection, allowed)
07-03 15:45:49.661  9920  9920 W lic.reminderapp: Accessing hidden method Landroid/view/ViewGroup;->makeOptionalFitsSystemWindows()V (unsupported, reflection, allowed)
07-03 15:45:50.865   663  3087 I AppsFilter: interaction: PackageSetting{6147252 com.qrolic.reminderapp/10184} -> PackageSetting{9589c com.android.cts.priv.ctsshim/10176} BLOCKED
07-03 15:45:50.865   663  3087 I AppsFilter: interaction: PackageSetting{6147252 com.qrolic.reminderapp/10184} -> PackageSetting{b75ced8 com.google.android.youtube/10146} BLOCKED
07-03 15:45:50.866   663  3087 I AppsFilter: interaction: PackageSetting{6147252 com.qrolic.reminderapp/10184} -> PackageSetting{1a272a5 com.android.internal.display.cutout.emulation.corner/10030} BLOCKED
07-03 15:45:50.866   663  3087 I AppsFilter: interaction: PackageSetting{6147252 com.qrolic.reminderapp/10184} -> PackageSetting{1b7467a com.android.internal.display.cutout.emulation.double/10056} BLOCKED
07-03 15:45:50.867   663  3087 I AppsFilter: interaction: PackageSetting{6147252 com.qrolic.reminderapp/10184} -> PackageSetting{ede5e2b com.google.android.googlequicksearchbox/10123} BLOCKED
07-03 15:45:50.867   663  3087 I AppsFilter: interaction: PackageSetting{6147252 com.qrolic.reminderapp/10184} -> PackageSetting{5a16288 com.google.android.onetimeinitializer/10110} BLOCKED
07-03 15:45:50.867   663  3087 I AppsFilter: interaction: PackageSetting{6147252 com.qrolic.reminderapp/10184} -> PackageSetting{eec9421 com.google.android.ext.shared/10098} BLOCKED
07-03 15:45:50.867   663  3087 I AppsFilter: interaction: PackageSetting{6147252 com.qrolic.reminderapp/10184} -> PackageSetting{2635046 com.android.internal.systemui.navbar.gestural_wide_back/10063} BLOCKED
07-03 15:45:50.867   663  3087 I AppsFilter: interaction: PackageSetting{6147252 com.qrolic.reminderapp/10184} -> PackageSetting{2e2b207 com.android.virtualmachine.res/10163} BLOCKED
07-03 15:45:50.868   663  3087 I AppsFilter: interaction: PackageSetting{6147252 com.qrolic.reminderapp/10184} -> PackageSetting{52e1f34 com.google.android.federatedcompute/10172} BLOCKED
07-03 15:45:50.869   663  3087 I AppsFilter: interaction: PackageSetting{6147252 com.qrolic.reminderapp/10184} -> PackageSetting{85d515d com.android.managedprovisioning.auto_generated_rro_product__/10038} BLOCKED
07-03 15:45:50.869   663  3087 I AppsFilter: interaction: PackageSetting{6147252 com.qrolic.reminderapp/10184} -> PackageSetting{9742ad2 com.android.carrierconfig.auto_generated_rro_vendor__/10070} BLOCKED
07-03 15:45:50.869   663  3087 I AppsFilter: interaction: PackageSetting{6147252 com.qrolic.reminderapp/10184} -> PackageSetting{bee67a3 com.android.systemui.emulation.pixel_3_xl/10064} BLOCKED
07-03 15:45:50.883   663  3087 I AppsFilter: interaction: PackageSetting{6147252 com.qrolic.reminderapp/10184} -> PackageSetting{327faa0 com.android.systemui.emulation.pixel_4_xl/10039} BLOCKED
07-03 15:45:50.883   663  3087 I AppsFilter: interaction: PackageSetting{6147252 com.qrolic.reminderapp/10184} -> PackageSetting{e22a659 com.android.simappdialog.auto_generated_rro_product__/10061} BLOCKED
07-03 15:45:50.883   663  3087 I AppsFilter: interaction: PackageSetting{6147252 com.qrolic.reminderapp/10184} -> PackageSetting{546221e com.android.htmlviewer/10099} BLOCKED
07-03 15:45:50.883   663  3087 I AppsFilter: interaction: PackageSetting{6147252 com.qrolic.reminderapp/10184} -> PackageSetting{e75daff com.google.android.health.connect.backuprestore/10169} BLOCKED
07-03 15:45:50.884   663  3087 I AppsFilter: interaction: PackageSetting{6147252 com.qrolic.reminderapp/10184} -> PackageSetting{12220cc com.android.systemui.auto_generated_rro_product__/10053} BLOCKED
07-03 15:45:50.884   663  3087 I AppsFilter: interaction: PackageSetting{6147252 com.qrolic.reminderapp/10184} -> PackageSetting{b4e4f15 com.google.android.apps.messaging/10115} BLOCKED
07-03 15:45:50.884   663  3087 I AppsFilter: interaction: PackageSetting{6147252 com.qrolic.reminderapp/10184} -> PackageSetting{bae422a com.google.android.soundpicker/10142} BLOCKED
07-03 15:45:50.884   663  3087 I AppsFilter: interaction: PackageSetting{6147252 com.qrolic.reminderapp/10184} -> PackageSetting{7d7281b com.google.android.configupdater/10120} BLOCKED
07-03 15:45:50.885   663  3087 I AppsFilter: interaction: PackageSetting{6147252 com.qrolic.reminderapp/10184} -> PackageSetting{4b67db8 com.android.internal.emulation.pixel_3a_xl/10006} BLOCKED
07-03 15:45:50.885   663  3087 I AppsFilter: interaction: PackageSetting{6147252 com.qrolic.reminderapp/10184} -> PackageSetting{51c791 com.android.internal.emulation.pixel_6_pro/10046} BLOCKED
07-03 15:45:50.885   663  3087 I AppsFilter: interaction: PackageSetting{6147252 com.qrolic.reminderapp/10184} -> PackageSetting{8c656f6 com.android.internal.emulation.pixel_7_pro/10016} BLOCKED
07-03 15:45:50.885   663  3087 I AppsFilter: interaction: PackageSetting{6147252 com.qrolic.reminderapp/10184} -> PackageSetting{3362af7 com.android.internal.emulation.pixel_3a/10035} BLOCKED
07-03 15:45:50.885   663  3087 I AppsFilter: interaction: PackageSetting{6147252 com.qrolic.reminderapp/10184} -> PackageSetting{131bd64 com.android.internal.emulation.pixel_4a/10031} BLOCKED
07-03 15:45:50.885   663  3087 I AppsFilter: interaction: PackageSetting{6147252 com.qrolic.reminderapp/10184} -> PackageSetting{93a4bcd com.android.internal.emulation.pixel_6a/10032} BLOCKED
07-03 15:45:50.885   663  3087 I AppsFilter: interaction: PackageSetting{6147252 com.qrolic.reminderapp/10184} -> PackageSetting{e78ec82 com.google.android.overlay.googlewebview/10057} BLOCKED
07-03 15:45:50.885   663  3087 I AppsFilter: interaction: PackageSetting{6147252 com.qrolic.reminderapp/10184} -> PackageSetting{187f93 com.google.android.hotspot2.osulogin/10182} BLOCKED
07-03 15:45:50.885   663  3087 I AppsFilter: interaction: PackageSetting{6147252 com.qrolic.reminderapp/10184} -> PackageSetting{fff4bd0 com.android.simappdialog/10092} BLOCKED
07-03 15:45:50.885   663  3087 I AppsFilter: interaction: PackageSetting{6147252 com.qrolic.reminderapp/10184} -> PackageSetting{cd4ece com.android.internal.display.cutout.emulation.hole/10045} BLOCKED
07-03 15:45:50.886   663  3087 I AppsFilter: interaction: PackageSetting{6147252 com.qrolic.reminderapp/10184} -> PackageSetting{6c181ef com.android.internal.display.cutout.emulation.tall/10047} BLOCKED
07-03 15:45:50.886   663  3087 I AppsFilter: interaction: PackageSetting{6147252 com.qrolic.reminderapp/10184} -> PackageSetting{3d554fc com.android.internal.systemui.navbar.threebutton/10018} BLOCKED
07-03 15:45:50.886   663  3087 I AppsFilter: interaction: PackageSetting{6147252 com.qrolic.reminderapp/10184} -> PackageSetting{8a22785 com.android.camera2/10125} BLOCKED
07-03 15:45:50.886   663  3087 I AppsFilter: interaction: PackageSetting{6147252 com.qrolic.reminderapp/10184} -> PackageSetting{af389da com.android.systemui.auto_generated_rro_vendor__/10071} BLOCKED
07-03 15:45:50.886   663  3087 I AppsFilter: interaction: PackageSetting{6147252 com.qrolic.reminderapp/10184} -> PackageSetting{64e4e0b com.google.android.deskclock/10127} BLOCKED
07-03 15:45:50.886   663  3087 I AppsFilter: interaction: PackageSetting{6147252 com.qrolic.reminderapp/10184} -> PackageSetting{2a0c4e8 com.android.internal.systemui.navbar.twobutton/10034} BLOCKED
07-03 15:45:50.887   663  3087 I AppsFilter: interaction: PackageSetting{6147252 com.qrolic.reminderapp/10184} -> PackageSetting{de2b701 com.google.android.as/10112} BLOCKED
07-03 15:45:50.894   663  3087 I AppsFilter: interaction: PackageSetting{6147252 com.qrolic.reminderapp/10184} -> PackageSetting{91069a6 com.google.android.gm/10145} BLOCKED
07-03 15:45:50.894   663  3087 I AppsFilter: interaction: PackageSetting{6147252 com.qrolic.reminderapp/10184} -> PackageSetting{891bfe7 com.android.internal.systemui.navbar.gestural_extra_wide_back/10015} BLOCKED
07-03 15:45:50.895   663  3087 I AppsFilter: interaction: PackageSetting{6147252 com.qrolic.reminderapp/10184} -> PackageSetting{2314794 com.android.systemui.emulation.pixel_3/10002} BLOCKED
07-03 15:45:50.895   663  3087 I AppsFilter: interaction: PackageSetting{6147252 com.qrolic.reminderapp/10184} -> PackageSetting{342c23d com.android.systemui.emulation.pixel_4/10048} BLOCKED
07-03 15:45:50.895   663  3087 I AppsFilter: interaction: PackageSetting{6147252 com.qrolic.reminderapp/10184} -> PackageSetting{2c97a32 com.android.systemui.emulation.pixel_5/10054} BLOCKED
07-03 15:45:50.896   663  3087 I AppsFilter: interaction: PackageSetting{6147252 com.qrolic.reminderapp/10184} -> PackageSetting{7b07383 com.android.systemui.emulation.pixel_6/10055} BLOCKED
07-03 15:45:50.896   663  3087 I AppsFilter: interaction: PackageSetting{6147252 com.qrolic.reminderapp/10184} -> PackageSetting{f9e4539 com.android.systemui.emulation.pixel_7/10008} BLOCKED
07-03 15:45:50.896   663  3087 I AppsFilter: interaction: PackageSetting{6147252 com.qrolic.reminderapp/10184} -> PackageSetting{291077e com.android.nfc.auto_generated_rro_product__/10066} BLOCKED
07-03 15:45:50.896   663  3087 I AppsFilter: interaction: PackageSetting{6147252 com.qrolic.reminderapp/10184} -> PackageSetting{17cc4df com.android.printspooler/10091} BLOCKED
07-03 15:45:50.897   663  3087 I AppsFilter: interaction: PackageSetting{6147252 com.qrolic.reminderapp/10184} -> PackageSetting{995f52c com.android.emergency.auto_generated_rro_product__/10020} BLOCKED
07-03 15:45:50.897   663  3087 I AppsFilter: interaction: PackageSetting{6147252 com.qrolic.reminderapp/10184} -> PackageSetting{194fbf5 com.google.android.connectivity.resources.goldfish.overlay/10069} BLOCKED
07-03 15:45:50.898   663  3087 I AppsFilter: interaction: PackageSetting{6147252 com.qrolic.reminderapp/10184} -> PackageSetting{5b21d8a com.android.dreams.basic/10104} BLOCKED
07-03 15:45:50.898   663  3087 I AppsFilter: interaction: PackageSetting{6147252 com.qrolic.reminderapp/10184} -> PackageSetting{492cffb com.google.android.networkstack.tethering.emulator/10049} BLOCKED
07-03 15:45:50.900   663  3087 I AppsFilter: interaction: PackageSetting{6147252 com.qrolic.reminderapp/10184} -> PackageSetting{5033818 com.android.providers.settings.auto_generated_rro_product__/10065} BLOCKED
07-03 15:45:50.901   663  3087 I AppsFilter: interaction: PackageSetting{6147252 com.qrolic.reminderapp/10184} -> PackageSetting{8066271 com.google.android.as.oss/10108} BLOCKED
07-03 15:45:50.901   663  3087 I AppsFilter: interaction: PackageSetting{6147252 com.qrolic.reminderapp/10184} -> PackageSetting{11c8856 com.android.traceur.auto_generated_rro_product__/10014} BLOCKED
07-03 15:45:50.902   663  3087 I AppsFilter: interaction: PackageSetting{6147252 com.qrolic.reminderapp/10184} -> PackageSetting{f93988 com.google.android.devicelockcontroller/10174} BLOCKED
07-03 15:45:50.902   663  3087 I AppsFilter: interaction: PackageSetting{6147252 com.qrolic.reminderapp/10184} -> PackageSetting{33470d7 com.google.android.dialer/10122} BLOCKED
07-03 15:45:50.902   663  3087 I AppsFilter: interaction: PackageSetting{6147252 com.qrolic.reminderapp/10184} -> PackageSetting{4ffbdc4 com.android.internal.emulation.pixel_3/10013} BLOCKED
07-03 15:45:50.903   663  3087 I AppsFilter: interaction: PackageSetting{6147252 com.qrolic.reminderapp/10184} -> PackageSetting{64db4ad com.android.internal.emulation.pixel_4/10010} BLOCKED
07-03 15:45:50.903   663  3087 I AppsFilter: interaction: PackageSetting{6147252 com.qrolic.reminderapp/10184} -> PackageSetting{6f0d3e2 com.android.internal.emulation.pixel_5/10029} BLOCKED
07-03 15:45:50.904   663  3087 I AppsFilter: interaction: PackageSetting{6147252 com.qrolic.reminderapp/10184} -> PackageSetting{7e54373 com.android.internal.emulation.pixel_6/10042} BLOCKED
07-03 15:45:50.904   663  3087 I AppsFilter: interaction: PackageSetting{6147252 com.qrolic.reminderapp/10184} -> PackageSetting{51cf230 com.android.internal.emulation.pixel_7/10028} BLOCKED
07-03 15:45:50.904   663  3087 I AppsFilter: interaction: PackageSetting{6147252 com.qrolic.reminderapp/10184} -> PackageSetting{3deea9 com.google.android.captiveportallogin/10095} BLOCKED
07-03 15:45:50.905   663  3087 I AppsFilter: interaction: PackageSetting{6147252 com.qrolic.reminderapp/10184} -> PackageSetting{8cc4c2e com.android.musicfx/10077} BLOCKED
07-03 15:45:50.905   663  3087 I AppsFilter: interaction: PackageSetting{6147252 com.qrolic.reminderapp/10184} -> PackageSetting{b687a78 com.google.android.apps.maps/10138} BLOCKED
07-03 15:45:50.905   663  3087 I AppsFilter: interaction: PackageSetting{6147252 com.qrolic.reminderapp/10184} -> PackageSetting{7c6a3cf com.google.android.modulemetadata/10128} BLOCKED
07-03 15:45:50.905   663  3087 I AppsFilter: interaction: PackageSetting{6147252 com.qrolic.reminderapp/10184} -> PackageSetting{697015c com.google.android.markup/10130} BLOCKED
07-03 15:45:50.906   663  3087 I AppsFilter: interaction: PackageSetting{6147252 com.qrolic.reminderapp/10184} -> PackageSetting{9ddcc65 com.android.providers.settings.auto_generated_rro_vendor__/10068} BLOCKED
07-03 15:45:50.907   663  3087 I AppsFilter: interaction: PackageSetting{6147252 com.qrolic.reminderapp/10184} -> PackageSetting{e3c442e com.google.android.rkpdapp/10160} BLOCKED
07-03 15:45:50.907   663  3087 I AppsFilter: interaction: PackageSetting{6147252 com.qrolic.reminderapp/10184} -> PackageSetting{40d748 com.google.android.contacts/10133} BLOCKED
07-03 15:45:50.910   663  3087 I AppsFilter: interaction: PackageSetting{6147252 com.qrolic.reminderapp/10184} -> PackageSetting{6e3c9e1 com.android.server.telecom.auto_generated_rro_product__/10025} BLOCKED
07-03 15:45:50.911   663  3087 I AppsFilter: interaction: PackageSetting{6147252 com.qrolic.reminderapp/10184} -> PackageSetting{b85b306 com.google.android.overlay.googleconfig/10044} BLOCKED
07-03 15:45:50.911   663  3087 I AppsFilter: interaction: PackageSetting{6147252 com.qrolic.reminderapp/10184} -> PackageSetting{11d3dc7 com.android.bips.auto_generated_rro_product__/10011} BLOCKED
07-03 15:45:50.911   663  3087 I AppsFilter: interaction: PackageSetting{6147252 com.qrolic.reminderapp/10184} -> PackageSetting{1301ff4 com.google.android.apps.customization.pixel/10141} BLOCKED
07-03 15:45:50.912   663  3087 I AppsFilter: interaction: PackageSetting{6147252 com.qrolic.reminderapp/10184} -> PackageSetting{5f2231d com.google.android.tag/10082} BLOCKED
07-03 15:45:50.912   663  3087 I AppsFilter: interaction: PackageSetting{6147252 com.qrolic.reminderapp/10184} -> PackageSetting{439f992 com.google.android.overlay.permissioncontroller/10051} BLOCKED
07-03 15:45:50.912   663  3087 I AppsFilter: interaction: PackageSetting{6147252 com.qrolic.reminderapp/10184} -> PackageSetting{9114a00 com.google.android.partnersetup/10118} BLOCKED
07-03 15:45:50.912   663  3087 I AppsFilter: interaction: PackageSetting{6147252 com.qrolic.reminderapp/10184} -> PackageSetting{fa5ef63 com.google.android.apps.wallpaper.nexus/10132} BLOCKED
07-03 15:45:50.912   663  3087 I AppsFilter: interaction: PackageSetting{6147252 com.qrolic.reminderapp/10184} -> PackageSetting{2294760 com.google.android.apps.nexuslauncher/10152} BLOCKED
07-03 15:45:50.913   663  3087 I AppsFilter: interaction: PackageSetting{6147252 com.qrolic.reminderapp/10184} -> PackageSetting{392d419 com.google.android.nearby.halfsheet/10179} BLOCKED
07-03 15:45:50.914   663  3087 I AppsFilter: interaction: PackageSetting{6147252 com.qrolic.reminderapp/10184} -> PackageSetting{67a1cde com.android.theme.font.notoserifsource/10058} BLOCKED
07-03 15:45:50.914   663  3087 I AppsFilter: interaction: PackageSetting{6147252 com.qrolic.reminderapp/10184} -> PackageSetting{87e1ebf com.google.android.safetycenter.resources/10161} BLOCKED
07-03 15:45:50.915   663  3087 I AppsFilter: interaction: PackageSetting{6147252 com.qrolic.reminderapp/10184} -> PackageSetting{1cb798c com.android.internal.display.cutout.emulation.waterfall/10000} BLOCKED
07-03 15:45:50.916   663  3087 I AppsFilter: interaction: PackageSetting{6147252 com.qrolic.reminderapp/10184} -> PackageSetting{f398d5 com.android.internal.systemui.navbar.transparent/10007} BLOCKED
07-03 15:45:50.916   663  3087 I AppsFilter: interaction: PackageSetting{6147252 com.qrolic.reminderapp/10184} -> PackageSetting{a0728ea com.google.android.connectivity.resources/10178} BLOCKED
07-03 15:45:50.916   663  3087 I AppsFilter: interaction: PackageSetting{6147252 com.qrolic.reminderapp/10184} -> PackageSetting{27fe7db com.android.providers.contacts.auto_generated_rro_product__/10009} BLOCKED
07-03 15:45:50.917   663  3087 I AppsFilter: interaction: PackageSetting{6147252 com.qrolic.reminderapp/10184} -> PackageSetting{77ca278 com.google.android.feedback/10157} BLOCKED
07-03 15:45:50.917   663  3087 I AppsFilter: interaction: PackageSetting{6147252 com.qrolic.reminderapp/10184} -> PackageSetting{a61ed51 com.google.android.printservice.recommendation/10094} BLOCKED
07-03 15:45:50.927   663  3087 I AppsFilter: interaction: PackageSetting{6147252 com.qrolic.reminderapp/10184} -> PackageSetting{fa6e9b6 com.google.android.apps.photos/10140} BLOCKED
07-03 15:45:50.927   663  3087 I AppsFilter: interaction: PackageSetting{6147252 com.qrolic.reminderapp/10184} -> PackageSetting{229d18c com.google.android.calendar/10131} BLOCKED
07-03 15:45:50.928   663  3087 I AppsFilter: interaction: PackageSetting{6147252 com.qrolic.reminderapp/10184} -> PackageSetting{e0b26b7 com.google.android.documentsui/10083} BLOCKED
07-03 15:45:50.928   663  3087 I AppsFilter: interaction: PackageSetting{6147252 com.qrolic.reminderapp/10184} -> PackageSetting{9156e24 com.android.systemui.emulation.pixel_3a_xl/10027} BLOCKED
07-03 15:45:50.928   663  3087 I AppsFilter: interaction: PackageSetting{6147252 com.qrolic.reminderapp/10184} -> PackageSetting{9870d8d com.android.systemui.emulation.pixel_6_pro/10004} BLOCKED
07-03 15:45:50.929   663  3087 I AppsFilter: interaction: PackageSetting{6147252 com.qrolic.reminderapp/10184} -> PackageSetting{cafeb42 com.android.systemui.emulation.pixel_7_pro/10026} BLOCKED
07-03 15:45:50.929   663  3087 I AppsFilter: interaction: PackageSetting{6147252 com.qrolic.reminderapp/10184} -> PackageSetting{7a17753 com.google.mainline.telemetry/10139} BLOCKED
07-03 15:45:50.929   663  3087 I AppsFilter: interaction: PackageSetting{6147252 com.qrolic.reminderapp/10184} -> PackageSetting{f4d4890 com.android.carrierconfig.auto_generated_rro_product__/10043} BLOCKED
07-03 15:45:50.930   663  3087 I AppsFilter: interaction: PackageSetting{6147252 com.qrolic.reminderapp/10184} -> PackageSetting{f63f589 com.android.providers.partnerbookmarks/10105} BLOCKED
07-03 15:45:50.930   663  3087 I AppsFilter: interaction: PackageSetting{6147252 com.qrolic.reminderapp/10184} -> PackageSetting{355798e com.android.role.notes.enabled/10001} BLOCKED
07-03 15:45:50.934   663  3087 I AppsFilter: interaction: PackageSetting{6147252 com.qrolic.reminderapp/10184} -> PackageSetting{84235af com.android.wallpaper.livepicker/10078} BLOCKED
07-03 15:45:50.935   663  3087 I AppsFilter: interaction: PackageSetting{6147252 com.qrolic.reminderapp/10184} -> PackageSetting{4e65dbc com.android.providers.telephony.auto_generated_rro_product__/10037} BLOCKED
07-03 15:45:50.935   663  3087 I AppsFilter: interaction: PackageSetting{6147252 com.qrolic.reminderapp/10184} -> PackageSetting{20d6145 com.android.phone.auto_generated_rro_vendor__/10072} BLOCKED
07-03 15:45:50.936   663  3087 I AppsFilter: interaction: PackageSetting{6147252 com.qrolic.reminderapp/10184} -> PackageSetting{3b3a09a com.google.mainline.adservices/10134} BLOCKED
07-03 15:45:50.937   663  3087 I AppsFilter: interaction: PackageSetting{6147252 com.qrolic.reminderapp/10184} -> PackageSetting{f867dcb com.android.imsserviceentitlement/10109} BLOCKED
07-03 15:45:50.937   663  3087 I AppsFilter: interaction: PackageSetting{6147252 com.qrolic.reminderapp/10184} -> PackageSetting{c9999a8 com.google.android.healthconnect.controller/10168} BLOCKED
07-03 15:45:50.937   663  3087 I AppsFilter: interaction: PackageSetting{6147252 com.qrolic.reminderapp/10184} -> PackageSetting{a27ccc1 com.android.internal.emulation.pixel_2_xl/10033} BLOCKED
07-03 15:45:50.937   663  3087 I AppsFilter: interaction: PackageSetting{6147252 com.qrolic.reminderapp/10184} -> PackageSetting{19b2c66 com.android.internal.emulation.pixel_3_xl/10005} BLOCKED
07-03 15:45:50.938   663  3087 I AppsFilter: interaction: PackageSetting{6147252 com.qrolic.reminderapp/10184} -> PackageSetting{37d2ba7 com.android.internal.emulation.pixel_4_xl/10040} BLOCKED
07-03 15:45:50.938   663  3087 I AppsFilter: interaction: PackageSetting{6147252 com.qrolic.reminderapp/10184} -> PackageSetting{9c2a854 com.android.bookmarkprovider/10100} BLOCKED
07-03 15:45:50.939   663  3087 I AppsFilter: interaction: PackageSetting{6147252 com.qrolic.reminderapp/10184} -> PackageSetting{c2373fd com.google.android.overlay.pixelconfigcommon/10052} BLOCKED
07-03 15:45:50.939   663  3087 I AppsFilter: interaction: PackageSetting{6147252 com.qrolic.reminderapp/10184} -> PackageSetting{b1da8f2 com.android.systemui.accessibility.accessibilitymenu.auto_generated_rro_product__/10017} BLOCKED
07-03 15:45:50.939   663  3087 I AppsFilter: interaction: PackageSetting{6147252 com.qrolic.reminderapp/10184} -> PackageSetting{246db43 com.android.systemui.emulation.pixel_3a/10024} BLOCKED
07-03 15:45:50.940   663  3087 I AppsFilter: interaction: PackageSetting{6147252 com.qrolic.reminderapp/10184} -> PackageSetting{7cbf5c0 com.android.systemui.emulation.pixel_4a/10019} BLOCKED
07-03 15:45:50.941   663  3087 I AppsFilter: interaction: PackageSetting{6147252 com.qrolic.reminderapp/10184} -> PackageSetting{93852f9 com.android.systemui.emulation.pixel_6a/10036} BLOCKED
07-03 15:45:50.941   663  3087 I AppsFilter: interaction: PackageSetting{6147252 com.qrolic.reminderapp/10184} -> PackageSetting{bd9623e com.google.android.settings.intelligence/10111} BLOCKED
07-03 15:45:50.941   663  3087 I AppsFilter: interaction: PackageSetting{6147252 com.qrolic.reminderapp/10184} -> PackageSetting{82ea09f com.google.android.projection.gearhead/10113} BLOCKED
07-03 15:45:50.942   663  3087 I AppsFilter: interaction: PackageSetting{6147252 com.qrolic.reminderapp/10184} -> PackageSetting{171e89f com.google.android.uwb.resources/10175} BLOCKED
07-03 15:45:50.942   663  3087 I AppsFilter: interaction: PackageSetting{6147252 com.qrolic.reminderapp/10184} -> PackageSetting{ac505ec com.android.cts.ctsshim/10177} BLOCKED
07-03 15:45:50.942   663  3087 I AppsFilter: interaction: PackageSetting{6147252 com.qrolic.reminderapp/10184} -> PackageSetting{c5aadec com.google.android.wifi.resources/10180} BLOCKED
07-03 15:45:50.943   663  3087 I AppsFilter: interaction: PackageSetting{6147252 com.qrolic.reminderapp/10184} -> PackageSetting{42225b5 com.google.android.wifi.dialog/10181} BLOCKED
07-03 15:45:50.943   663  3087 I AppsFilter: interaction: PackageSetting{6147252 com.qrolic.reminderapp/10184} -> PackageSetting{905644a com.google.android.apps.wallpaper/10150} BLOCKED
07-03 15:45:50.944   663  3087 I AppsFilter: interaction: PackageSetting{6147252 com.qrolic.reminderapp/10184} -> PackageSetting{7166fbb com.google.android.odad/10119} BLOCKED
07-03 15:45:50.944   663  3087 I AppsFilter: interaction: PackageSetting{6147252 com.qrolic.reminderapp/10184} -> PackageSetting{e3c94c0 com.example.myapplication/10183} BLOCKED
07-03 15:45:50.944   663  3087 I AppsFilter: interaction: PackageSetting{6147252 com.qrolic.reminderapp/10184} -> PackageSetting{3abcd8 com.android.settings.auto_generated_rro_product__/10021} BLOCKED
07-03 15:45:50.945   663  3087 I AppsFilter: interaction: PackageSetting{6147252 com.qrolic.reminderapp/10184} -> PackageSetting{59c6831 com.android.internal.systemui.navbar.gestural/10059} BLOCKED
07-03 15:45:50.945   663  3087 I AppsFilter: interaction: PackageSetting{6147252 com.qrolic.reminderapp/10184} -> PackageSetting{23d7b16 com.google.android.apps.youtube.music/10144} BLOCKED
07-03 15:45:50.948   663  3087 I AppsFilter: interaction: PackageSetting{6147252 com.qrolic.reminderapp/10184} -> PackageSetting{8b24c97 com.android.bluetoothmidiservice/10103} BLOCKED
07-03 15:45:50.948   663  3087 I AppsFilter: interaction: PackageSetting{6147252 com.qrolic.reminderapp/10184} -> PackageSetting{b0ace84 com.android.storagemanager.auto_generated_rro_product__/10022} BLOCKED
07-03 15:45:50.949   663  3087 I AppsFilter: interaction: PackageSetting{6147252 com.qrolic.reminderapp/10184} -> PackageSetting{c9e566d com.google.android.cellbroadcastreceiver/10173} BLOCKED
07-03 15:45:50.950   663  3087 I AppsFilter: interaction: PackageSetting{6147252 com.qrolic.reminderapp/10184} -> PackageSetting{30e32a2 com.android.phone.auto_generated_rro_product__/10041} BLOCKED
07-03 15:45:50.951   663  3087 I AppsFilter: interaction: PackageSetting{6147252 com.qrolic.reminderapp/10184} -> PackageSetting{bc51b33 android.auto_generated_rro_product__/10023} BLOCKED
07-03 15:45:50.955   663  3087 I AppsFilter: interaction: PackageSetting{6147252 com.qrolic.reminderapp/10184} -> PackageSetting{da84ef0 com.android.internal.systemui.navbar.gestural_narrow_back/10050} BLOCKED
07-03 15:45:50.956   663  3087 I AppsFilter: interaction: PackageSetting{6147252 com.qrolic.reminderapp/10184} -> PackageSetting{656ec69 com.google.android.inputmethod.latin/10129} BLOCKED
07-03 15:45:50.956   663  3087 I AppsFilter: interaction: PackageSetting{6147252 com.qrolic.reminderapp/10184} -> PackageSetting{140d6ee android.auto_generated_rro_vendor__/10067} BLOCKED
07-03 15:45:50.957   663  3087 I AppsFilter: interaction: PackageSetting{6147252 com.qrolic.reminderapp/10184} -> PackageSetting{42c378f com.google.android.apps.restore/10114} BLOCKED
07-03 15:45:51.007   663  2111 I AppsFilter: interaction: PackageSetting{6147252 com.qrolic.reminderapp/10184} -> PackageSetting{9589c com.android.cts.priv.ctsshim/10176} BLOCKED
07-03 15:45:51.007   663  2111 I AppsFilter: interaction: PackageSetting{6147252 com.qrolic.reminderapp/10184} -> PackageSetting{b75ced8 com.google.android.youtube/10146} BLOCKED
07-03 15:45:51.007   663  2111 I AppsFilter: interaction: PackageSetting{6147252 com.qrolic.reminderapp/10184} -> PackageSetting{1a272a5 com.android.internal.display.cutout.emulation.corner/10030} BLOCKED
07-03 15:45:51.008   663  2111 I AppsFilter: interaction: PackageSetting{6147252 com.qrolic.reminderapp/10184} -> PackageSetting{1b7467a com.android.internal.display.cutout.emulation.double/10056} BLOCKED
07-03 15:45:51.008   663  2111 I AppsFilter: interaction: PackageSetting{6147252 com.qrolic.reminderapp/10184} -> PackageSetting{ede5e2b com.google.android.googlequicksearchbox/10123} BLOCKED
07-03 15:45:51.008   663  2111 I AppsFilter: interaction: PackageSetting{6147252 com.qrolic.reminderapp/10184} -> PackageSetting{5a16288 com.google.android.onetimeinitializer/10110} BLOCKED
07-03 15:45:51.008   663  2111 I AppsFilter: interaction: PackageSetting{6147252 com.qrolic.reminderapp/10184} -> PackageSetting{eec9421 com.google.android.ext.shared/10098} BLOCKED
07-03 15:45:51.008   663  2111 I AppsFilter: interaction: PackageSetting{6147252 com.qrolic.reminderapp/10184} -> PackageSetting{2635046 com.android.internal.systemui.navbar.gestural_wide_back/10063} BLOCKED
07-03 15:45:51.008   663  2111 I AppsFilter: interaction: PackageSetting{6147252 com.qrolic.reminderapp/10184} -> PackageSetting{2e2b207 com.android.virtualmachine.res/10163} BLOCKED
07-03 15:45:51.008   663  2111 I AppsFilter: interaction: PackageSetting{6147252 com.qrolic.reminderapp/10184} -> PackageSetting{52e1f34 com.google.android.federatedcompute/10172} BLOCKED
07-03 15:45:51.008   663  2111 I AppsFilter: interaction: PackageSetting{6147252 com.qrolic.reminderapp/10184} -> PackageSetting{85d515d com.android.managedprovisioning.auto_generated_rro_product__/10038} BLOCKED
07-03 15:45:51.008   663  2111 I AppsFilter: interaction: PackageSetting{6147252 com.qrolic.reminderapp/10184} -> PackageSetting{9742ad2 com.android.carrierconfig.auto_generated_rro_vendor__/10070} BLOCKED
07-03 15:45:51.009   663  2111 I AppsFilter: interaction: PackageSetting{6147252 com.qrolic.reminderapp/10184} -> PackageSetting{bee67a3 com.android.systemui.emulation.pixel_3_xl/10064} BLOCKED
07-03 15:45:51.009   663  2111 I AppsFilter: interaction: PackageSetting{6147252 com.qrolic.reminderapp/10184} -> PackageSetting{327faa0 com.android.systemui.emulation.pixel_4_xl/10039} BLOCKED
07-03 15:45:51.009   663  2111 I AppsFilter: interaction: PackageSetting{6147252 com.qrolic.reminderapp/10184} -> PackageSetting{e22a659 com.android.simappdialog.auto_generated_rro_product__/10061} BLOCKED
07-03 15:45:51.009   663  2111 I AppsFilter: interaction: PackageSetting{6147252 com.qrolic.reminderapp/10184} -> PackageSetting{546221e com.android.htmlviewer/10099} BLOCKED
07-03 15:45:51.009   663  2111 I AppsFilter: interaction: PackageSetting{6147252 com.qrolic.reminderapp/10184} -> PackageSetting{e75daff com.google.android.health.connect.backuprestore/10169} BLOCKED
07-03 15:45:51.011   663  2111 I AppsFilter: interaction: PackageSetting{6147252 com.qrolic.reminderapp/10184} -> PackageSetting{12220cc com.android.systemui.auto_generated_rro_product__/10053} BLOCKED
07-03 15:45:51.011   663  2111 I AppsFilter: interaction: PackageSetting{6147252 com.qrolic.reminderapp/10184} -> PackageSetting{b4e4f15 com.google.android.apps.messaging/10115} BLOCKED
07-03 15:45:51.015   663  2111 I AppsFilter: interaction: PackageSetting{6147252 com.qrolic.reminderapp/10184} -> PackageSetting{bae422a com.google.android.soundpicker/10142} BLOCKED
07-03 15:45:51.015   663  2111 I AppsFilter: interaction: PackageSetting{6147252 com.qrolic.reminderapp/10184} -> PackageSetting{7d7281b com.google.android.configupdater/10120} BLOCKED
07-03 15:45:51.015   663  2111 I AppsFilter: interaction: PackageSetting{6147252 com.qrolic.reminderapp/10184} -> PackageSetting{4b67db8 com.android.internal.emulation.pixel_3a_xl/10006} BLOCKED
07-03 15:45:51.015   663  2111 I AppsFilter: interaction: PackageSetting{6147252 com.qrolic.reminderapp/10184} -> PackageSetting{51c791 com.android.internal.emulation.pixel_6_pro/10046} BLOCKED
07-03 15:45:51.016   663  2111 I AppsFilter: interaction: PackageSetting{6147252 com.qrolic.reminderapp/10184} -> PackageSetting{8c656f6 com.android.internal.emulation.pixel_7_pro/10016} BLOCKED
07-03 15:45:51.016   663  2111 I AppsFilter: interaction: PackageSetting{6147252 com.qrolic.reminderapp/10184} -> PackageSetting{3362af7 com.android.internal.emulation.pixel_3a/10035} BLOCKED
