07-03 15:25:19.400   663   771 I PackageParsing: Parse times for '/data/app/~~0SUH2s7o3NXTZ17mD215bQ==/com.qrolic.reminderapp-CWG7756Z3akrNG1yK9sl6g==': parse=346ms, update_cache=5 ms
07-03 15:25:44.134   663   725 D SystemServerTimingAsync: InitThreadPoolExec:Update app-ops uidState in case package com.qrolic.reminderapp changed
07-03 15:25:44.134   663   725 D SystemServerInitThreadPool: Started executing Update app-ops uidState in case package com.qrolic.reminderapp changed
07-03 15:25:44.141   663   725 D SystemServerInitThreadPool: Finished executing Update app-ops uidState in case package com.qrolic.reminderapp changed
07-03 15:25:44.142   663   725 V SystemServerTimingAsync: InitThreadPoolExec:Update app-ops uidState in case package com.qrolic.reminderapp changed took to complete: 7ms
07-03 15:25:58.773   663   663 V StorageManagerService: Package com.qrolic.reminderapp does not have legacy storage
07-03 15:27:55.118   663   764 I AppsFilter: interaction: PackageSetting{93f1231 com.qrolic.reminderapp/10184} -> PackageSetting{b75ced8 com.google.android.youtube/10146} BLOCKED
07-03 15:27:55.120   663   764 I AppsFilter: interaction: PackageSetting{93f1231 com.qrolic.reminderapp/10184} -> PackageSetting{a4bdd16 com.google.android.rkpdapp/10160} BLOCKED
07-03 15:28:01.808   663   764 I AppsFilter: interaction: PackageSetting{93f1231 com.qrolic.reminderapp/10184} -> PackageSetting{ee94c05 com.google.android.partnersetup/10118} BLOCKED
07-03 15:28:06.017   663   764 I AppsFilter: interaction: PackageSetting{93f1231 com.qrolic.reminderapp/10184} -> PackageSetting{e3c442e com.google.android.rkpdapp/10160} BLOCKED
07-03 15:28:17.324   663   764 I AppsFilter: interaction: PackageSetting{93f1231 com.qrolic.reminderapp/10184} -> PackageSetting{95340d8 com.google.android.devicelockcontroller/10174} BLOCKED
07-03 15:28:42.673   663   764 I AppsFilter: interaction: PackageSetting{93f1231 com.qrolic.reminderapp/10184} -> PackageSetting{f93988 com.google.android.devicelockcontroller/10174} BLOCKED
07-03 15:32:06.331   663  3128 I ActivityManager: Force stopping com.qrolic.reminderapp appid=10184 user=0: from pid 6893
07-03 15:32:07.111   663  3128 I AppsFilter: interaction: PackageSetting{e3c94c0 com.example.myapplication/10183} -> PackageSetting{93f1231 com.qrolic.reminderapp/10184} BLOCKED
07-03 15:32:12.932  4704  4704 D CarrierSvcBindHelper: onHandleForceStop: [com.qrolic.reminderapp]
07-03 15:32:36.385   663   733 I ActivityManager: Force stopping com.qrolic.reminderapp appid=10184 user=-1: installPackageLI
07-03 15:32:36.692   663   764 I PackageManager: Update package com.qrolic.reminderapp code path from /data/app/~~0SUH2s7o3NXTZ17mD215bQ==/com.qrolic.reminderapp-CWG7756Z3akrNG1yK9sl6g== to /data/app/~~9GBDy-R1a7-qo4ztIGU4zg==/com.qrolic.reminderapp-pK-JOJjGDOTLxIltBXRnTA==; Retain data and using new
07-03 15:32:36.695   663   764 I AppsFilter: interaction: PackageSetting{806ee46 com.example.myapplication/10183} -> PackageSetting{4559e com.qrolic.reminderapp/10184} BLOCKED
07-03 15:32:36.696   663   764 I AppsFilter: interaction: PackageSetting{806ee46 com.example.myapplication/10183} -> PackageSetting{f05ca9e com.qrolic.reminderapp/10184} BLOCKED
07-03 15:32:37.159   663   764 I PermissionManager: Removing permission com.qrolic.reminderapp.DYNAMIC_RECEIVER_NOT_EXPORTED_PERMISSION that used to be declared by com.qrolic.reminderapp
07-03 15:32:41.510   663   764 I AppsFilter: interaction: PackageSetting{ce8b239 com.qrolic.reminderapp/10184} -> PackageSetting{9114a00 com.google.android.partnersetup/10118} BLOCKED
07-03 15:32:41.718   663   764 I AppsFilter: interaction: PackageSetting{806ee46 com.example.myapplication/10183} -> PackageSetting{f05ca9e com.qrolic.reminderapp/10184} BLOCKED
07-03 15:32:44.565   663   764 I ActivityManager: Force stopping com.qrolic.reminderapp appid=10184 user=0: pkg removed
07-03 15:32:50.659   663  1097 I ActivityManager: Force stopping com.qrolic.reminderapp appid=10184 user=0: from pid 7340
07-03 15:32:50.825   663  1097 I AppsFilter: interaction: PackageSetting{e3c94c0 com.example.myapplication/10183} -> PackageSetting{ce8b239 com.qrolic.reminderapp/10184} BLOCKED
07-03 15:32:57.962   663   873 W PackageConfigPersister: App-specific configuration not found for packageName: com.qrolic.reminderapp and userId: 0
07-03 15:33:09.680   663   964 I SdkSandboxManager: No SDKs used. Skipping SDK data reconcilation for CallingInfo{mUid=10184, mPackageName='com.qrolic.reminderapp, mAppProcessToken='null'}
07-03 15:33:11.313   663   677 V SplashScreenExceptionList: SplashScreen checking exception for package com.qrolic.reminderapp (target sdk:30) -> false
07-03 15:33:11.721  5025  5138 V WindowManagerShell: Transition requested: android.os.BinderProxy@285883 TransitionRequestInfo { type = OPEN, triggerTask = TaskInfo{userId=0 taskId=18 displayId=0 isRunning=true baseIntent=Intent { act=android.intent.action.MAIN cat=[android.intent.category.LAUNCHER] flg=0x10000000 cmp=com.qrolic.reminderapp/.activity.SplashActivity } baseActivity=ComponentInfo{com.qrolic.reminderapp/com.qrolic.reminderapp.activity.SplashActivity} topActivity=ComponentInfo{com.qrolic.reminderapp/com.qrolic.reminderapp.activity.SplashActivity} origActivity=null realActivity=ComponentInfo{com.qrolic.reminderapp/com.qrolic.reminderapp.activity.SplashActivity} numActivities=1 lastActiveTime=640201 supportsMultiWindow=true resizeMode=1 isResizeable=true minWidth=-1 minHeight=-1 defaultMinSize=220 token=WCT{android.window.IWindowContainerToken$Stub$Proxy@477ca00} topActivityType=1 pictureInPictureParams=null shouldDockBigOverlays=false launchIntoPipHostTaskId=-1 lastParentTaskIdBeforePip=-1 displayCutoutSafeInsets=null topActivityInfo=ActivityInfo{28d3239 com.qrolic.reminderapp.activity.SplashActivity} launchCookies=[] positionInParent=Point(0, 0) parentTaskId=-1 isFocused=false isVisible=false isSleeping=false topActivityInSizeCompat=false topActivityEligibleForLetterboxEducation= false topActivityLetterboxed= false isFromDoubleTap= false topActivityLetterboxVerticalPosition= -1 topActivityLetterboxHorizontalPosition= -1 topActivityLetterboxWidth=-1 topActivityLetterboxHeight=-1 locusId=null displayAreaFeatureId=1 cameraCompatControlState=hidden}, remoteTransition = null, displayChange = null }
07-03 15:33:11.791   663   677 I ActivityTaskManager: START u0 {act=android.intent.action.MAIN cat=[android.intent.category.LAUNCHER] flg=0x10000000 cmp=com.qrolic.reminderapp/.activity.SplashActivity} with LAUNCH_MULTIPLE from uid 2000 (BAL_ALLOW_PERMISSION) result code=0
07-03 15:33:13.600   663   663 I Telecom : CarModeTracker: Package com.qrolic.reminderapp is not tracked.: SSH.oR@AHY????
07-03 15:33:16.416  5025  5155 D nativeloader: Configuring clns-7 for other apk . target_sdk_version=30, uses_libraries=, library_path=/data/app/~~9GBDy-R1a7-qo4ztIGU4zg==/com.qrolic.reminderapp-pK-JOJjGDOTLxIltBXRnTA==/lib/x86_64, permitted_path=/data:/mnt/expand
07-03 15:33:16.796  7418  7418 I lic.reminderapp: Late-enabling -Xcheck:jni
07-03 15:33:16.841   663   734 I ActivityManager: Start proc 7418:com.qrolic.reminderapp/u0a184 for next-top-activity {com.qrolic.reminderapp/com.qrolic.reminderapp.activity.SplashActivity}
07-03 15:33:16.874   663   964 I SdkSandboxManager: No SDKs used. Skipping SDK data reconcilation for CallingInfo{mUid=10184, mPackageName='com.qrolic.reminderapp, mAppProcessToken='null'}
07-03 15:33:17.104  7418  7418 I lic.reminderapp: Using CollectorTypeCC GC.
07-03 15:33:17.109  7418  7418 W lic.reminderapp: Unexpected CPU variant for x86: x86_64.
07-03 15:33:17.109  7418  7418 W lic.reminderapp: Known variants: atom, sandybridge, silvermont, goldmont, goldmont-plus, tremont, kabylake, default
07-03 15:33:17.285   663   721 I BLASTSyncEngine: Unfinished container: Task{83b36f3 #18 type=standard A=10184:com.qrolic.reminderapp}
07-03 15:33:17.286   663   721 I BLASTSyncEngine: Unfinished container: ActivityRecord{6e06562 u0 com.qrolic.reminderapp/.activity.SplashActivity t18}
07-03 15:33:17.731   663  1152 D CoreBackPreview: Window{edb1930 u0 Splash Screen com.qrolic.reminderapp}: Setting back callback OnBackInvokedCallbackInfo{mCallback=android.window.IOnBackInvokedCallback$Stub$Proxy@e483747, mPriority=0, mIsAnimationCallback=false}
07-03 15:33:18.100  4704  4704 D CarrierSvcBindHelper: onPackageUpdateFinished: com.qrolic.reminderapp
07-03 15:33:18.374  4704  4704 D CarrierSvcBindHelper: onPackageModified: com.qrolic.reminderapp
07-03 15:33:19.387  4704  5445 D ImsResolver: maybeAddedImsService, packageName: com.qrolic.reminderapp
07-03 15:33:20.346  4704  4704 D CarrierSvcBindHelper: onHandleForceStop: [com.qrolic.reminderapp]
07-03 15:33:20.930  5025  7442 E SurfaceSyncGroup: Failed to receive transaction ready in 1000ms. Marking SurfaceSyncGroup(wmsSync-VRI[reminderapp]#0) as ready
07-03 15:33:20.935  5025  7442 E SurfaceSyncGroup: Failed to receive transaction ready in 1000ms. Marking SurfaceSyncGroup(VRI[reminderapp]#1) as ready
07-03 15:33:21.171  7418  7418 W ziparchive: Unable to open '/data/app/~~9GBDy-R1a7-qo4ztIGU4zg==/com.qrolic.reminderapp-pK-JOJjGDOTLxIltBXRnTA==/base.dm': No such file or directory
07-03 15:33:21.171  7418  7418 W ziparchive: Unable to open '/data/app/~~9GBDy-R1a7-qo4ztIGU4zg==/com.qrolic.reminderapp-pK-JOJjGDOTLxIltBXRnTA==/base.dm': No such file or directory
07-03 15:33:21.704  7418  7418 D nativeloader: Configuring clns-6 for other apk /data/app/~~9GBDy-R1a7-qo4ztIGU4zg==/com.qrolic.reminderapp-pK-JOJjGDOTLxIltBXRnTA==/base.apk. target_sdk_version=30, uses_libraries=, library_path=/data/app/~~9GBDy-R1a7-qo4ztIGU4zg==/com.qrolic.reminderapp-pK-JOJjGDOTLxIltBXRnTA==/lib/x86_64, permitted_path=/data:/mnt/expand:/data/user/0/com.qrolic.reminderapp
07-03 15:33:22.187   663   718 V WindowManager: Sent Transition #9 createdAt=07-03 15:33:10.547 via request=TransitionRequestInfo { type = OPEN, triggerTask = TaskInfo{userId=0 taskId=18 displayId=0 isRunning=true baseIntent=Intent { act=android.intent.action.MAIN cat=[android.intent.category.LAUNCHER] flg=0x10000000 cmp=com.qrolic.reminderapp/.activity.SplashActivity } baseActivity=ComponentInfo{com.qrolic.reminderapp/com.qrolic.reminderapp.activity.SplashActivity} topActivity=ComponentInfo{com.qrolic.reminderapp/com.qrolic.reminderapp.activity.SplashActivity} origActivity=null realActivity=ComponentInfo{com.qrolic.reminderapp/com.qrolic.reminderapp.activity.SplashActivity} numActivities=1 lastActiveTime=640201 supportsMultiWindow=true resizeMode=1 isResizeable=true minWidth=-1 minHeight=-1 defaultMinSize=220 token=WCT{RemoteToken{178adad Task{83b36f3 #18 type=standard A=10184:com.qrolic.reminderapp}}} topActivityType=1 pictureInPictureParams=null shouldDockBigOverlays=false launchIntoPipHostTaskId=-1 lastParentTaskIdBeforePip=-1 displayCutoutSafeInsets=null topActivityInfo=ActivityInfo{61ad8e2 com.qrolic.reminderapp.activity.SplashActivity} launchCookies=[] positionInParent=Point(0, 0) parentTaskId=-1 isFocused=false isVisible=false isSleeping=false topActivityInSizeCompat=false topActivityEligibleForLetterboxEducation= false topActivityLetterboxed= false isFromDoubleTap= false topActivityLetterboxVerticalPosition= -1 topActivityLetterboxHorizontalPosition= -1 topActivityLetterboxWidth=-1 topActivityLetterboxHeight=-1 locusId=null displayAreaFeatureId=1 cameraCompatControlState=hidden}, remoteTransition = null, displayChange = null }
07-03 15:33:22.189  7418  7418 V GraphicsEnvironment: ANGLE GameManagerService for com.qrolic.reminderapp: false
07-03 15:33:22.191  7418  7418 V GraphicsEnvironment: com.qrolic.reminderapp is not listed in per-application setting
07-03 15:33:22.210   663   718 V WindowManager:     info={id=9 t=OPEN f=0x0 trk=0 r=[0@Point(0, 0)] c=[{WCT{RemoteToken{178adad Task{83b36f3 #18 type=standard A=10184:com.qrolic.reminderapp}}} m=OPEN f=NONE leash=Surface(name=Task=18)/@0x23a4cdc sb=Rect(0, 0 - 1080, 2220) eb=Rect(0, 0 - 1080, 2220) d=0},{WCT{RemoteToken{111a12e Task{4733fb #1 type=home}}} m=HIDE f=SHOW_WALLPAPER leash=Surface(name=Task=1)/@0xe6b9363 sb=Rect(0, 0 - 1080, 2220) eb=Rect(0, 0 - 1080, 2220) d=0}]}
07-03 15:33:22.897  7418  7451 W lic.reminderapp: Verification of java.lang.Object d.d.b.a.e.a.t5.a(android.os.IBinder) took 125.880ms (198.60 bytecodes/s) (1944B approximate peak alloc)
07-03 15:33:23.596  7418  7451 W lic.reminderapp: Verification of java.lang.String d.d.b.a.e.a.o0.b(java.lang.String, java.lang.String) took 110.074ms (99.93 bytecodes/s) (1544B approximate peak alloc)
07-03 15:33:24.260  7418  7451 W lic.reminderapp: Verification of java.lang.String d.d.b.a.e.d.c.M() took 118.443ms (168.86 bytecodes/s) (1752B approximate peak alloc)
07-03 15:33:24.277  1626  1626 I SafetyLabelChangedBroadcastReceiver: received broadcast packageName: com.qrolic.reminderapp, current user: UserHandle{0}, packageChangeEvent: UPDATE, intent user: UserHandle{0}
07-03 15:33:24.612  7418  7418 W lic.reminderapp: Accessing hidden method Landroid/view/View;->computeFitSystemWindows(Landroid/graphics/Rect;Landroid/graphics/Rect;)Z (unsupported, reflection, allowed)
07-03 15:33:24.625  7418  7418 W lic.reminderapp: Accessing hidden method Landroid/view/ViewGroup;->makeOptionalFitsSystemWindows()V (unsupported, reflection, allowed)
07-03 15:33:30.053   663  2222 I AppsFilter: interaction: PackageSetting{53ad00f com.qrolic.reminderapp/10184} -> PackageSetting{9589c com.android.cts.priv.ctsshim/10176} BLOCKED
07-03 15:33:30.066   663  2222 I AppsFilter: interaction: PackageSetting{53ad00f com.qrolic.reminderapp/10184} -> PackageSetting{b75ced8 com.google.android.youtube/10146} BLOCKED
07-03 15:33:30.069  7418  7473 W lic.reminderapp: Long monitor contention with owner Thread-2 (7451) at int com.google.android.gms.dynamite.DynamiteModule.n(android.content.Context, java.lang.String, boolean)(:140) waiters=0 in int com.google.android.gms.dynamite.DynamiteModule.f(android.content.Context, java.lang.String, boolean) for 5.685s
07-03 15:33:30.070  7418  7418 W lic.reminderapp: Long monitor contention with owner Thread-2 (7451) at int com.google.android.gms.dynamite.DynamiteModule.n(android.content.Context, java.lang.String, boolean)(:140) waiters=1 in int com.google.android.gms.dynamite.DynamiteModule.f(android.content.Context, java.lang.String, boolean) for 5.134s
07-03 15:33:30.138   663  2222 I AppsFilter: interaction: PackageSetting{53ad00f com.qrolic.reminderapp/10184} -> PackageSetting{1a272a5 com.android.internal.display.cutout.emulation.corner/10030} BLOCKED
07-03 15:33:30.138   663  2222 I AppsFilter: interaction: PackageSetting{53ad00f com.qrolic.reminderapp/10184} -> PackageSetting{1b7467a com.android.internal.display.cutout.emulation.double/10056} BLOCKED
07-03 15:33:30.138   663  2222 I AppsFilter: interaction: PackageSetting{53ad00f com.qrolic.reminderapp/10184} -> PackageSetting{ede5e2b com.google.android.googlequicksearchbox/10123} BLOCKED
07-03 15:33:30.139   663  2222 I AppsFilter: interaction: PackageSetting{53ad00f com.qrolic.reminderapp/10184} -> PackageSetting{5a16288 com.google.android.onetimeinitializer/10110} BLOCKED
07-03 15:33:30.139   663  2222 I AppsFilter: interaction: PackageSetting{53ad00f com.qrolic.reminderapp/10184} -> PackageSetting{eec9421 com.google.android.ext.shared/10098} BLOCKED
07-03 15:33:30.139   663  2222 I AppsFilter: interaction: PackageSetting{53ad00f com.qrolic.reminderapp/10184} -> PackageSetting{2635046 com.android.internal.systemui.navbar.gestural_wide_back/10063} BLOCKED
07-03 15:33:30.139   663  2222 I AppsFilter: interaction: PackageSetting{53ad00f com.qrolic.reminderapp/10184} -> PackageSetting{2e2b207 com.android.virtualmachine.res/10163} BLOCKED
07-03 15:33:30.140   663  2222 I AppsFilter: interaction: PackageSetting{53ad00f com.qrolic.reminderapp/10184} -> PackageSetting{52e1f34 com.google.android.federatedcompute/10172} BLOCKED
07-03 15:33:30.140   663  2222 I AppsFilter: interaction: PackageSetting{53ad00f com.qrolic.reminderapp/10184} -> PackageSetting{85d515d com.android.managedprovisioning.auto_generated_rro_product__/10038} BLOCKED
07-03 15:33:30.151   663  2222 I AppsFilter: interaction: PackageSetting{53ad00f com.qrolic.reminderapp/10184} -> PackageSetting{9742ad2 com.android.carrierconfig.auto_generated_rro_vendor__/10070} BLOCKED
07-03 15:33:30.152   663  2222 I AppsFilter: interaction: PackageSetting{53ad00f com.qrolic.reminderapp/10184} -> PackageSetting{bee67a3 com.android.systemui.emulation.pixel_3_xl/10064} BLOCKED
07-03 15:33:30.152   663  2222 I AppsFilter: interaction: PackageSetting{53ad00f com.qrolic.reminderapp/10184} -> PackageSetting{327faa0 com.android.systemui.emulation.pixel_4_xl/10039} BLOCKED
07-03 15:33:30.152   663  2222 I AppsFilter: interaction: PackageSetting{53ad00f com.qrolic.reminderapp/10184} -> PackageSetting{e22a659 com.android.simappdialog.auto_generated_rro_product__/10061} BLOCKED
07-03 15:33:30.198   663  2222 I AppsFilter: interaction: PackageSetting{53ad00f com.qrolic.reminderapp/10184} -> PackageSetting{546221e com.android.htmlviewer/10099} BLOCKED
07-03 15:33:30.202   663  2222 I AppsFilter: interaction: PackageSetting{53ad00f com.qrolic.reminderapp/10184} -> PackageSetting{e75daff com.google.android.health.connect.backuprestore/10169} BLOCKED
07-03 15:33:30.204   663  2222 I AppsFilter: interaction: PackageSetting{53ad00f com.qrolic.reminderapp/10184} -> PackageSetting{12220cc com.android.systemui.auto_generated_rro_product__/10053} BLOCKED
07-03 15:33:30.205   663  2222 I AppsFilter: interaction: PackageSetting{53ad00f com.qrolic.reminderapp/10184} -> PackageSetting{b4e4f15 com.google.android.apps.messaging/10115} BLOCKED
07-03 15:33:30.206   663  2222 I AppsFilter: interaction: PackageSetting{53ad00f com.qrolic.reminderapp/10184} -> PackageSetting{bae422a com.google.android.soundpicker/10142} BLOCKED
07-03 15:33:30.228   663  2222 I AppsFilter: interaction: PackageSetting{53ad00f com.qrolic.reminderapp/10184} -> PackageSetting{7d7281b com.google.android.configupdater/10120} BLOCKED
07-03 15:33:30.229   663  2222 I AppsFilter: interaction: PackageSetting{53ad00f com.qrolic.reminderapp/10184} -> PackageSetting{4b67db8 com.android.internal.emulation.pixel_3a_xl/10006} BLOCKED
07-03 15:33:30.230   663  2222 I AppsFilter: interaction: PackageSetting{53ad00f com.qrolic.reminderapp/10184} -> PackageSetting{51c791 com.android.internal.emulation.pixel_6_pro/10046} BLOCKED
07-03 15:33:30.231   663  2222 I AppsFilter: interaction: PackageSetting{53ad00f com.qrolic.reminderapp/10184} -> PackageSetting{8c656f6 com.android.internal.emulation.pixel_7_pro/10016} BLOCKED
07-03 15:33:30.231   663  2222 I AppsFilter: interaction: PackageSetting{53ad00f com.qrolic.reminderapp/10184} -> PackageSetting{3362af7 com.android.internal.emulation.pixel_3a/10035} BLOCKED
07-03 15:33:30.232   663  2222 I AppsFilter: interaction: PackageSetting{53ad00f com.qrolic.reminderapp/10184} -> PackageSetting{131bd64 com.android.internal.emulation.pixel_4a/10031} BLOCKED
07-03 15:33:30.234   663  2222 I AppsFilter: interaction: PackageSetting{53ad00f com.qrolic.reminderapp/10184} -> PackageSetting{93a4bcd com.android.internal.emulation.pixel_6a/10032} BLOCKED
07-03 15:33:30.234   663  2222 I AppsFilter: interaction: PackageSetting{53ad00f com.qrolic.reminderapp/10184} -> PackageSetting{e78ec82 com.google.android.overlay.googlewebview/10057} BLOCKED
07-03 15:33:30.235   663  2222 I AppsFilter: interaction: PackageSetting{53ad00f com.qrolic.reminderapp/10184} -> PackageSetting{187f93 com.google.android.hotspot2.osulogin/10182} BLOCKED
07-03 15:33:30.236   663  2222 I AppsFilter: interaction: PackageSetting{53ad00f com.qrolic.reminderapp/10184} -> PackageSetting{fff4bd0 com.android.simappdialog/10092} BLOCKED
07-03 15:33:30.336   663  2222 I AppsFilter: interaction: PackageSetting{53ad00f com.qrolic.reminderapp/10184} -> PackageSetting{cd4ece com.android.internal.display.cutout.emulation.hole/10045} BLOCKED
07-03 15:33:30.338   663  2222 I AppsFilter: interaction: PackageSetting{53ad00f com.qrolic.reminderapp/10184} -> PackageSetting{6c181ef com.android.internal.display.cutout.emulation.tall/10047} BLOCKED
07-03 15:33:30.339   663  2222 I AppsFilter: interaction: PackageSetting{53ad00f com.qrolic.reminderapp/10184} -> PackageSetting{3d554fc com.android.internal.systemui.navbar.threebutton/10018} BLOCKED
07-03 15:33:30.346   663  2222 I AppsFilter: interaction: PackageSetting{53ad00f com.qrolic.reminderapp/10184} -> PackageSetting{8a22785 com.android.camera2/10125} BLOCKED
07-03 15:33:30.348   663  2222 I AppsFilter: interaction: PackageSetting{53ad00f com.qrolic.reminderapp/10184} -> PackageSetting{af389da com.android.systemui.auto_generated_rro_vendor__/10071} BLOCKED
07-03 15:33:30.349   663  2222 I AppsFilter: interaction: PackageSetting{53ad00f com.qrolic.reminderapp/10184} -> PackageSetting{64e4e0b com.google.android.deskclock/10127} BLOCKED
07-03 15:33:30.349   663  2222 I AppsFilter: interaction: PackageSetting{53ad00f com.qrolic.reminderapp/10184} -> PackageSetting{2a0c4e8 com.android.internal.systemui.navbar.twobutton/10034} BLOCKED
07-03 15:33:30.350   663  2222 I AppsFilter: interaction: PackageSetting{53ad00f com.qrolic.reminderapp/10184} -> PackageSetting{de2b701 com.google.android.as/10112} BLOCKED
07-03 15:33:30.350   663  2222 I AppsFilter: interaction: PackageSetting{53ad00f com.qrolic.reminderapp/10184} -> PackageSetting{91069a6 com.google.android.gm/10145} BLOCKED
07-03 15:33:30.350   663  2222 I AppsFilter: interaction: PackageSetting{53ad00f com.qrolic.reminderapp/10184} -> PackageSetting{891bfe7 com.android.internal.systemui.navbar.gestural_extra_wide_back/10015} BLOCKED
07-03 15:33:30.350   663  2222 I AppsFilter: interaction: PackageSetting{53ad00f com.qrolic.reminderapp/10184} -> PackageSetting{2314794 com.android.systemui.emulation.pixel_3/10002} BLOCKED
07-03 15:33:30.351   663  2222 I AppsFilter: interaction: PackageSetting{53ad00f com.qrolic.reminderapp/10184} -> PackageSetting{342c23d com.android.systemui.emulation.pixel_4/10048} BLOCKED
07-03 15:33:30.351   663  2222 I AppsFilter: interaction: PackageSetting{53ad00f com.qrolic.reminderapp/10184} -> PackageSetting{2c97a32 com.android.systemui.emulation.pixel_5/10054} BLOCKED
07-03 15:33:30.352   663  2222 I AppsFilter: interaction: PackageSetting{53ad00f com.qrolic.reminderapp/10184} -> PackageSetting{7b07383 com.android.systemui.emulation.pixel_6/10055} BLOCKED
07-03 15:33:30.370   663  2222 I AppsFilter: interaction: PackageSetting{53ad00f com.qrolic.reminderapp/10184} -> PackageSetting{f9e4539 com.android.systemui.emulation.pixel_7/10008} BLOCKED
07-03 15:33:30.371   663  2222 I AppsFilter: interaction: PackageSetting{53ad00f com.qrolic.reminderapp/10184} -> PackageSetting{291077e com.android.nfc.auto_generated_rro_product__/10066} BLOCKED
07-03 15:33:30.371   663  2222 I AppsFilter: interaction: PackageSetting{53ad00f com.qrolic.reminderapp/10184} -> PackageSetting{17cc4df com.android.printspooler/10091} BLOCKED
07-03 15:33:30.371   663  2222 I AppsFilter: interaction: PackageSetting{53ad00f com.qrolic.reminderapp/10184} -> PackageSetting{995f52c com.android.emergency.auto_generated_rro_product__/10020} BLOCKED
07-03 15:33:30.371   663  2222 I AppsFilter: interaction: PackageSetting{53ad00f com.qrolic.reminderapp/10184} -> PackageSetting{194fbf5 com.google.android.connectivity.resources.goldfish.overlay/10069} BLOCKED
07-03 15:33:30.371   663  2222 I AppsFilter: interaction: PackageSetting{53ad00f com.qrolic.reminderapp/10184} -> PackageSetting{5b21d8a com.android.dreams.basic/10104} BLOCKED
07-03 15:33:30.371   663  2222 I AppsFilter: interaction: PackageSetting{53ad00f com.qrolic.reminderapp/10184} -> PackageSetting{492cffb com.google.android.networkstack.tethering.emulator/10049} BLOCKED
07-03 15:33:30.371   663  2222 I AppsFilter: interaction: PackageSetting{53ad00f com.qrolic.reminderapp/10184} -> PackageSetting{5033818 com.android.providers.settings.auto_generated_rro_product__/10065} BLOCKED
07-03 15:33:30.372   663  2222 I AppsFilter: interaction: PackageSetting{53ad00f com.qrolic.reminderapp/10184} -> PackageSetting{8066271 com.google.android.as.oss/10108} BLOCKED
07-03 15:33:30.372   663  2222 I AppsFilter: interaction: PackageSetting{53ad00f com.qrolic.reminderapp/10184} -> PackageSetting{11c8856 com.android.traceur.auto_generated_rro_product__/10014} BLOCKED
07-03 15:33:30.372   663  2222 I AppsFilter: interaction: PackageSetting{53ad00f com.qrolic.reminderapp/10184} -> PackageSetting{f93988 com.google.android.devicelockcontroller/10174} BLOCKED
07-03 15:33:30.372   663  2222 I AppsFilter: interaction: PackageSetting{53ad00f com.qrolic.reminderapp/10184} -> PackageSetting{33470d7 com.google.android.dialer/10122} BLOCKED
07-03 15:33:30.372   663  2222 I AppsFilter: interaction: PackageSetting{53ad00f com.qrolic.reminderapp/10184} -> PackageSetting{4ffbdc4 com.android.internal.emulation.pixel_3/10013} BLOCKED
07-03 15:33:30.372   663  2222 I AppsFilter: interaction: PackageSetting{53ad00f com.qrolic.reminderapp/10184} -> PackageSetting{64db4ad com.android.internal.emulation.pixel_4/10010} BLOCKED
07-03 15:33:30.372   663  2222 I AppsFilter: interaction: PackageSetting{53ad00f com.qrolic.reminderapp/10184} -> PackageSetting{6f0d3e2 com.android.internal.emulation.pixel_5/10029} BLOCKED
07-03 15:33:30.372   663  2222 I AppsFilter: interaction: PackageSetting{53ad00f com.qrolic.reminderapp/10184} -> PackageSetting{7e54373 com.android.internal.emulation.pixel_6/10042} BLOCKED
07-03 15:33:30.373   663  2222 I AppsFilter: interaction: PackageSetting{53ad00f com.qrolic.reminderapp/10184} -> PackageSetting{51cf230 com.android.internal.emulation.pixel_7/10028} BLOCKED
07-03 15:33:30.373   663  2222 I AppsFilter: interaction: PackageSetting{53ad00f com.qrolic.reminderapp/10184} -> PackageSetting{3deea9 com.google.android.captiveportallogin/10095} BLOCKED
07-03 15:33:30.373   663  2222 I AppsFilter: interaction: PackageSetting{53ad00f com.qrolic.reminderapp/10184} -> PackageSetting{8cc4c2e com.android.musicfx/10077} BLOCKED
07-03 15:33:30.373   663  2222 I AppsFilter: interaction: PackageSetting{53ad00f com.qrolic.reminderapp/10184} -> PackageSetting{b687a78 com.google.android.apps.maps/10138} BLOCKED
07-03 15:33:30.373   663  2222 I AppsFilter: interaction: PackageSetting{53ad00f com.qrolic.reminderapp/10184} -> PackageSetting{7c6a3cf com.google.android.modulemetadata/10128} BLOCKED
07-03 15:33:30.373   663  2222 I AppsFilter: interaction: PackageSetting{53ad00f com.qrolic.reminderapp/10184} -> PackageSetting{697015c com.google.android.markup/10130} BLOCKED
07-03 15:33:30.373   663  2222 I AppsFilter: interaction: PackageSetting{53ad00f com.qrolic.reminderapp/10184} -> PackageSetting{9ddcc65 com.android.providers.settings.auto_generated_rro_vendor__/10068} BLOCKED
07-03 15:33:30.374   663  2222 I AppsFilter: interaction: PackageSetting{53ad00f com.qrolic.reminderapp/10184} -> PackageSetting{2d4fd3a com.google.android.webview/10124} BLOCKED
07-03 15:33:30.374   663  2222 I AppsFilter: interaction: PackageSetting{53ad00f com.qrolic.reminderapp/10184} -> PackageSetting{e3c442e com.google.android.rkpdapp/10160} BLOCKED
07-03 15:33:30.387   663  2222 I AppsFilter: interaction: PackageSetting{53ad00f com.qrolic.reminderapp/10184} -> PackageSetting{40d748 com.google.android.contacts/10133} BLOCKED
07-03 15:33:30.389   663  2222 I AppsFilter: interaction: PackageSetting{53ad00f com.qrolic.reminderapp/10184} -> PackageSetting{6e3c9e1 com.android.server.telecom.auto_generated_rro_product__/10025} BLOCKED
07-03 15:33:30.390   663  2222 I AppsFilter: interaction: PackageSetting{53ad00f com.qrolic.reminderapp/10184} -> PackageSetting{b85b306 com.google.android.overlay.googleconfig/10044} BLOCKED
07-03 15:33:30.390   663  2222 I AppsFilter: interaction: PackageSetting{53ad00f com.qrolic.reminderapp/10184} -> PackageSetting{11d3dc7 com.android.bips.auto_generated_rro_product__/10011} BLOCKED
07-03 15:33:30.390   663  2222 I AppsFilter: interaction: PackageSetting{53ad00f com.qrolic.reminderapp/10184} -> PackageSetting{1301ff4 com.google.android.apps.customization.pixel/10141} BLOCKED
07-03 15:33:30.391   663  2222 I AppsFilter: interaction: PackageSetting{53ad00f com.qrolic.reminderapp/10184} -> PackageSetting{5f2231d com.google.android.tag/10082} BLOCKED
07-03 15:33:30.406   663  2222 I AppsFilter: interaction: PackageSetting{53ad00f com.qrolic.reminderapp/10184} -> PackageSetting{439f992 com.google.android.overlay.permissioncontroller/10051} BLOCKED
07-03 15:33:30.406   663  2222 I AppsFilter: interaction: PackageSetting{53ad00f com.qrolic.reminderapp/10184} -> PackageSetting{9114a00 com.google.android.partnersetup/10118} BLOCKED
07-03 15:33:30.406   663  2222 I AppsFilter: interaction: PackageSetting{53ad00f com.qrolic.reminderapp/10184} -> PackageSetting{fa5ef63 com.google.android.apps.wallpaper.nexus/10132} BLOCKED
07-03 15:33:30.408   663  2222 I AppsFilter: interaction: PackageSetting{53ad00f com.qrolic.reminderapp/10184} -> PackageSetting{2294760 com.google.android.apps.nexuslauncher/10152} BLOCKED
07-03 15:33:30.408   663  2222 I AppsFilter: interaction: PackageSetting{53ad00f com.qrolic.reminderapp/10184} -> PackageSetting{392d419 com.google.android.nearby.halfsheet/10179} BLOCKED
07-03 15:33:30.408   663  2222 I AppsFilter: interaction: PackageSetting{53ad00f com.qrolic.reminderapp/10184} -> PackageSetting{67a1cde com.android.theme.font.notoserifsource/10058} BLOCKED
07-03 15:33:30.409   663  2222 I AppsFilter: interaction: PackageSetting{53ad00f com.qrolic.reminderapp/10184} -> PackageSetting{87e1ebf com.google.android.safetycenter.resources/10161} BLOCKED
07-03 15:33:30.409   663  2222 I AppsFilter: interaction: PackageSetting{53ad00f com.qrolic.reminderapp/10184} -> PackageSetting{1cb798c com.android.internal.display.cutout.emulation.waterfall/10000} BLOCKED
07-03 15:33:30.409   663  2222 I AppsFilter: interaction: PackageSetting{53ad00f com.qrolic.reminderapp/10184} -> PackageSetting{f398d5 com.android.internal.systemui.navbar.transparent/10007} BLOCKED
07-03 15:33:30.410   663  2222 I AppsFilter: interaction: PackageSetting{53ad00f com.qrolic.reminderapp/10184} -> PackageSetting{a0728ea com.google.android.connectivity.resources/10178} BLOCKED
07-03 15:33:30.410   663  2222 I AppsFilter: interaction: PackageSetting{53ad00f com.qrolic.reminderapp/10184} -> PackageSetting{27fe7db com.android.providers.contacts.auto_generated_rro_product__/10009} BLOCKED
07-03 15:33:30.410   663  2222 I AppsFilter: interaction: PackageSetting{53ad00f com.qrolic.reminderapp/10184} -> PackageSetting{77ca278 com.google.android.feedback/10157} BLOCKED
07-03 15:33:30.411   663  2222 I AppsFilter: interaction: PackageSetting{53ad00f com.qrolic.reminderapp/10184} -> PackageSetting{a61ed51 com.google.android.printservice.recommendation/10094} BLOCKED
07-03 15:33:30.411   663  2222 I AppsFilter: interaction: PackageSetting{53ad00f com.qrolic.reminderapp/10184} -> PackageSetting{fa6e9b6 com.google.android.apps.photos/10140} BLOCKED
07-03 15:33:30.414   663  2222 I AppsFilter: interaction: PackageSetting{53ad00f com.qrolic.reminderapp/10184} -> PackageSetting{229d18c com.google.android.calendar/10131} BLOCKED
07-03 15:33:30.414   663  2222 I AppsFilter: interaction: PackageSetting{53ad00f com.qrolic.reminderapp/10184} -> PackageSetting{e0b26b7 com.google.android.documentsui/10083} BLOCKED
07-03 15:33:30.414   663  2222 I AppsFilter: interaction: PackageSetting{53ad00f com.qrolic.reminderapp/10184} -> PackageSetting{9156e24 com.android.systemui.emulation.pixel_3a_xl/10027} BLOCKED
07-03 15:33:30.414   663  2222 I AppsFilter: interaction: PackageSetting{53ad00f com.qrolic.reminderapp/10184} -> PackageSetting{9870d8d com.android.systemui.emulation.pixel_6_pro/10004} BLOCKED
07-03 15:33:30.417   663  2222 I AppsFilter: interaction: PackageSetting{53ad00f com.qrolic.reminderapp/10184} -> PackageSetting{cafeb42 com.android.systemui.emulation.pixel_7_pro/10026} BLOCKED
07-03 15:33:30.418   663  2222 I AppsFilter: interaction: PackageSetting{53ad00f com.qrolic.reminderapp/10184} -> PackageSetting{7a17753 com.google.mainline.telemetry/10139} BLOCKED
07-03 15:33:30.418   663  2222 I AppsFilter: interaction: PackageSetting{53ad00f com.qrolic.reminderapp/10184} -> PackageSetting{f4d4890 com.android.carrierconfig.auto_generated_rro_product__/10043} BLOCKED
07-03 15:33:30.418   663  2222 I AppsFilter: interaction: PackageSetting{53ad00f com.qrolic.reminderapp/10184} -> PackageSetting{f63f589 com.android.providers.partnerbookmarks/10105} BLOCKED
07-03 15:33:30.419   663  2222 I AppsFilter: interaction: PackageSetting{53ad00f com.qrolic.reminderapp/10184} -> PackageSetting{355798e com.android.role.notes.enabled/10001} BLOCKED
07-03 15:33:30.419   663  2222 I AppsFilter: interaction: PackageSetting{53ad00f com.qrolic.reminderapp/10184} -> PackageSetting{84235af com.android.wallpaper.livepicker/10078} BLOCKED
07-03 15:33:30.419   663  2222 I AppsFilter: interaction: PackageSetting{53ad00f com.qrolic.reminderapp/10184} -> PackageSetting{4e65dbc com.android.providers.telephony.auto_generated_rro_product__/10037} BLOCKED
07-03 15:33:30.420   663  2222 I AppsFilter: interaction: PackageSetting{53ad00f com.qrolic.reminderapp/10184} -> PackageSetting{20d6145 com.android.phone.auto_generated_rro_vendor__/10072} BLOCKED
07-03 15:33:30.420   663  2222 I AppsFilter: interaction: PackageSetting{53ad00f com.qrolic.reminderapp/10184} -> PackageSetting{3b3a09a com.google.mainline.adservices/10134} BLOCKED
07-03 15:33:30.420   663  2222 I AppsFilter: interaction: PackageSetting{53ad00f com.qrolic.reminderapp/10184} -> PackageSetting{f867dcb com.android.imsserviceentitlement/10109} BLOCKED
07-03 15:33:30.420   663  2222 I AppsFilter: interaction: PackageSetting{53ad00f com.qrolic.reminderapp/10184} -> PackageSetting{c9999a8 com.google.android.healthconnect.controller/10168} BLOCKED
07-03 15:33:30.420   663  2222 I AppsFilter: interaction: PackageSetting{53ad00f com.qrolic.reminderapp/10184} -> PackageSetting{a27ccc1 com.android.internal.emulation.pixel_2_xl/10033} BLOCKED
07-03 15:33:30.420   663  2222 I AppsFilter: interaction: PackageSetting{53ad00f com.qrolic.reminderapp/10184} -> PackageSetting{19b2c66 com.android.internal.emulation.pixel_3_xl/10005} BLOCKED
07-03 15:33:30.421   663  2222 I AppsFilter: interaction: PackageSetting{53ad00f com.qrolic.reminderapp/10184} -> PackageSetting{37d2ba7 com.android.internal.emulation.pixel_4_xl/10040} BLOCKED
07-03 15:33:30.421   663  2222 I AppsFilter: interaction: PackageSetting{53ad00f com.qrolic.reminderapp/10184} -> PackageSetting{9c2a854 com.android.bookmarkprovider/10100} BLOCKED
07-03 15:33:30.422   663  2222 I AppsFilter: interaction: PackageSetting{53ad00f com.qrolic.reminderapp/10184} -> PackageSetting{c2373fd com.google.android.overlay.pixelconfigcommon/10052} BLOCKED
07-03 15:33:30.422   663  2222 I AppsFilter: interaction: PackageSetting{53ad00f com.qrolic.reminderapp/10184} -> PackageSetting{b1da8f2 com.android.systemui.accessibility.accessibilitymenu.auto_generated_rro_product__/10017} BLOCKED
07-03 15:33:30.425   663  2222 I AppsFilter: interaction: PackageSetting{53ad00f com.qrolic.reminderapp/10184} -> PackageSetting{246db43 com.android.systemui.emulation.pixel_3a/10024} BLOCKED
07-03 15:33:30.425   663  2222 I AppsFilter: interaction: PackageSetting{53ad00f com.qrolic.reminderapp/10184} -> PackageSetting{7cbf5c0 com.android.systemui.emulation.pixel_4a/10019} BLOCKED
07-03 15:33:30.426   663  2222 I AppsFilter: interaction: PackageSetting{53ad00f com.qrolic.reminderapp/10184} -> PackageSetting{93852f9 com.android.systemui.emulation.pixel_6a/10036} BLOCKED
07-03 15:33:30.426   663  2222 I AppsFilter: interaction: PackageSetting{53ad00f com.qrolic.reminderapp/10184} -> PackageSetting{bd9623e com.google.android.settings.intelligence/10111} BLOCKED
07-03 15:33:30.427   663  2222 I AppsFilter: interaction: PackageSetting{53ad00f com.qrolic.reminderapp/10184} -> PackageSetting{82ea09f com.google.android.projection.gearhead/10113} BLOCKED
07-03 15:33:30.427   663  2222 I AppsFilter: interaction: PackageSetting{53ad00f com.qrolic.reminderapp/10184} -> PackageSetting{171e89f com.google.android.uwb.resources/10175} BLOCKED
07-03 15:33:30.427   663  2222 I AppsFilter: interaction: PackageSetting{53ad00f com.qrolic.reminderapp/10184} -> PackageSetting{ac505ec com.android.cts.ctsshim/10177} BLOCKED
07-03 15:33:30.427   663  2222 I AppsFilter: interaction: PackageSetting{53ad00f com.qrolic.reminderapp/10184} -> PackageSetting{c5aadec com.google.android.wifi.resources/10180} BLOCKED
07-03 15:33:30.427   663  2222 I AppsFilter: interaction: PackageSetting{53ad00f com.qrolic.reminderapp/10184} -> PackageSetting{42225b5 com.google.android.wifi.dialog/10181} BLOCKED
07-03 15:33:30.427   663  2222 I AppsFilter: interaction: PackageSetting{53ad00f com.qrolic.reminderapp/10184} -> PackageSetting{905644a com.google.android.apps.wallpaper/10150} BLOCKED
07-03 15:33:30.427   663  2222 I AppsFilter: interaction: PackageSetting{53ad00f com.qrolic.reminderapp/10184} -> PackageSetting{7166fbb com.google.android.odad/10119} BLOCKED
07-03 15:33:30.428   663  2222 I AppsFilter: interaction: PackageSetting{53ad00f com.qrolic.reminderapp/10184} -> PackageSetting{e3c94c0 com.example.myapplication/10183} BLOCKED
07-03 15:33:30.428   663  2222 I AppsFilter: interaction: PackageSetting{53ad00f com.qrolic.reminderapp/10184} -> PackageSetting{3abcd8 com.android.settings.auto_generated_rro_product__/10021} BLOCKED
07-03 15:33:30.428   663  2222 I AppsFilter: interaction: PackageSetting{53ad00f com.qrolic.reminderapp/10184} -> PackageSetting{59c6831 com.android.internal.systemui.navbar.gestural/10059} BLOCKED
07-03 15:33:30.428   663  2222 I AppsFilter: interaction: PackageSetting{53ad00f com.qrolic.reminderapp/10184} -> PackageSetting{23d7b16 com.google.android.apps.youtube.music/10144} BLOCKED
07-03 15:33:30.428   663  2222 I AppsFilter: interaction: PackageSetting{53ad00f com.qrolic.reminderapp/10184} -> PackageSetting{8b24c97 com.android.bluetoothmidiservice/10103} BLOCKED
07-03 15:33:30.429   663  2222 I AppsFilter: interaction: PackageSetting{53ad00f com.qrolic.reminderapp/10184} -> PackageSetting{b0ace84 com.android.storagemanager.auto_generated_rro_product__/10022} BLOCKED
07-03 15:33:30.429   663  2222 I AppsFilter: interaction: PackageSetting{53ad00f com.qrolic.reminderapp/10184} -> PackageSetting{c9e566d com.google.android.cellbroadcastreceiver/10173} BLOCKED
07-03 15:33:30.429   663  2222 I AppsFilter: interaction: PackageSetting{53ad00f com.qrolic.reminderapp/10184} -> PackageSetting{30e32a2 com.android.phone.auto_generated_rro_product__/10041} BLOCKED
07-03 15:33:30.429   663  2222 I AppsFilter: interaction: PackageSetting{53ad00f com.qrolic.reminderapp/10184} -> PackageSetting{bc51b33 android.auto_generated_rro_product__/10023} BLOCKED
07-03 15:33:30.429   663  2222 I AppsFilter: interaction: PackageSetting{53ad00f com.qrolic.reminderapp/10184} -> PackageSetting{da84ef0 com.android.internal.systemui.navbar.gestural_narrow_back/10050} BLOCKED
07-03 15:33:30.430   663  2222 I AppsFilter: interaction: PackageSetting{53ad00f com.qrolic.reminderapp/10184} -> PackageSetting{656ec69 com.google.android.inputmethod.latin/10129} BLOCKED
07-03 15:33:30.430   663  2222 I AppsFilter: interaction: PackageSetting{53ad00f com.qrolic.reminderapp/10184} -> PackageSetting{140d6ee android.auto_generated_rro_vendor__/10067} BLOCKED
07-03 15:33:30.431   663  2222 I AppsFilter: interaction: PackageSetting{53ad00f com.qrolic.reminderapp/10184} -> PackageSetting{42c378f com.google.android.apps.restore/10114} BLOCKED
07-03 15:33:33.899  7418  7418 W lic.reminderapp: Loading /data/misc/apexdata/com.android.art/dalvik-cache/x86_64/system@framework@com.android.location.provider.jar@classes.odex non-executable as it requires an image which we failed to load
07-03 15:33:34.120   663  1856 I AppsFilter: interaction: PackageSetting{53ad00f com.qrolic.reminderapp/10184} -> PackageSetting{9589c com.android.cts.priv.ctsshim/10176} BLOCKED
07-03 15:33:34.121   663  1856 I AppsFilter: interaction: PackageSetting{53ad00f com.qrolic.reminderapp/10184} -> PackageSetting{b75ced8 com.google.android.youtube/10146} BLOCKED
07-03 15:33:34.123   663  1856 I AppsFilter: interaction: PackageSetting{53ad00f com.qrolic.reminderapp/10184} -> PackageSetting{1a272a5 com.android.internal.display.cutout.emulation.corner/10030} BLOCKED
07-03 15:33:34.129   663  1856 I AppsFilter: interaction: PackageSetting{53ad00f com.qrolic.reminderapp/10184} -> PackageSetting{1b7467a com.android.internal.display.cutout.emulation.double/10056} BLOCKED
07-03 15:33:34.137   663  1856 I AppsFilter: interaction: PackageSetting{53ad00f com.qrolic.reminderapp/10184} -> PackageSetting{ede5e2b com.google.android.googlequicksearchbox/10123} BLOCKED
07-03 15:33:34.138   663  1856 I AppsFilter: interaction: PackageSetting{53ad00f com.qrolic.reminderapp/10184} -> PackageSetting{5a16288 com.google.android.onetimeinitializer/10110} BLOCKED
07-03 15:33:34.139   663  1856 I AppsFilter: interaction: PackageSetting{53ad00f com.qrolic.reminderapp/10184} -> PackageSetting{eec9421 com.google.android.ext.shared/10098} BLOCKED
07-03 15:33:34.153   663  1856 I AppsFilter: interaction: PackageSetting{53ad00f com.qrolic.reminderapp/10184} -> PackageSetting{2635046 com.android.internal.systemui.navbar.gestural_wide_back/10063} BLOCKED
07-03 15:33:34.158   663  1856 I AppsFilter: interaction: PackageSetting{53ad00f com.qrolic.reminderapp/10184} -> PackageSetting{2e2b207 com.android.virtualmachine.res/10163} BLOCKED
07-03 15:33:34.180   663  1856 I AppsFilter: interaction: PackageSetting{53ad00f com.qrolic.reminderapp/10184} -> PackageSetting{52e1f34 com.google.android.federatedcompute/10172} BLOCKED
07-03 15:33:34.187   663  1856 I AppsFilter: interaction: PackageSetting{53ad00f com.qrolic.reminderapp/10184} -> PackageSetting{85d515d com.android.managedprovisioning.auto_generated_rro_product__/10038} BLOCKED
07-03 15:33:34.189   663  1856 I AppsFilter: interaction: PackageSetting{53ad00f com.qrolic.reminderapp/10184} -> PackageSetting{9742ad2 com.android.carrierconfig.auto_generated_rro_vendor__/10070} BLOCKED
07-03 15:33:34.190   663  1856 I AppsFilter: interaction: PackageSetting{53ad00f com.qrolic.reminderapp/10184} -> PackageSetting{bee67a3 com.android.systemui.emulation.pixel_3_xl/10064} BLOCKED
07-03 15:33:34.198   663  1856 I AppsFilter: interaction: PackageSetting{53ad00f com.qrolic.reminderapp/10184} -> PackageSetting{327faa0 com.android.systemui.emulation.pixel_4_xl/10039} BLOCKED
07-03 15:33:34.198   663  1856 I AppsFilter: interaction: PackageSetting{53ad00f com.qrolic.reminderapp/10184} -> PackageSetting{e22a659 com.android.simappdialog.auto_generated_rro_product__/10061} BLOCKED
07-03 15:33:34.201   663  1856 I AppsFilter: interaction: PackageSetting{53ad00f com.qrolic.reminderapp/10184} -> PackageSetting{546221e com.android.htmlviewer/10099} BLOCKED
07-03 15:33:34.204   663  1856 I AppsFilter: interaction: PackageSetting{53ad00f com.qrolic.reminderapp/10184} -> PackageSetting{e75daff com.google.android.health.connect.backuprestore/10169} BLOCKED
07-03 15:33:34.204   663  1856 I AppsFilter: interaction: PackageSetting{53ad00f com.qrolic.reminderapp/10184} -> PackageSetting{12220cc com.android.systemui.auto_generated_rro_product__/10053} BLOCKED
07-03 15:33:34.208   663  1856 I AppsFilter: interaction: PackageSetting{53ad00f com.qrolic.reminderapp/10184} -> PackageSetting{b4e4f15 com.google.android.apps.messaging/10115} BLOCKED
07-03 15:33:34.208   663  1856 I AppsFilter: interaction: PackageSetting{53ad00f com.qrolic.reminderapp/10184} -> PackageSetting{bae422a com.google.android.soundpicker/10142} BLOCKED
07-03 15:33:34.209   663  1856 I AppsFilter: interaction: PackageSetting{53ad00f com.qrolic.reminderapp/10184} -> PackageSetting{7d7281b com.google.android.configupdater/10120} BLOCKED
07-03 15:33:34.211   663  1856 I AppsFilter: interaction: PackageSetting{53ad00f com.qrolic.reminderapp/10184} -> PackageSetting{4b67db8 com.android.internal.emulation.pixel_3a_xl/10006} BLOCKED
07-03 15:33:34.216   663  1856 I AppsFilter: interaction: PackageSetting{53ad00f com.qrolic.reminderapp/10184} -> PackageSetting{51c791 com.android.internal.emulation.pixel_6_pro/10046} BLOCKED
07-03 15:33:34.218   663  1856 I AppsFilter: interaction: PackageSetting{53ad00f com.qrolic.reminderapp/10184} -> PackageSetting{8c656f6 com.android.internal.emulation.pixel_7_pro/10016} BLOCKED
07-03 15:33:34.218   663  1856 I AppsFilter: interaction: PackageSetting{53ad00f com.qrolic.reminderapp/10184} -> PackageSetting{3362af7 com.android.internal.emulation.pixel_3a/10035} BLOCKED
07-03 15:33:34.218   663  1856 I AppsFilter: interaction: PackageSetting{53ad00f com.qrolic.reminderapp/10184} -> PackageSetting{131bd64 com.android.internal.emulation.pixel_4a/10031} BLOCKED
07-03 15:33:34.219   663  1856 I AppsFilter: interaction: PackageSetting{53ad00f com.qrolic.reminderapp/10184} -> PackageSetting{93a4bcd com.android.internal.emulation.pixel_6a/10032} BLOCKED
07-03 15:33:34.219   663  1856 I AppsFilter: interaction: PackageSetting{53ad00f com.qrolic.reminderapp/10184} -> PackageSetting{e78ec82 com.google.android.overlay.googlewebview/10057} BLOCKED
07-03 15:33:34.258   663  1856 I AppsFilter: interaction: PackageSetting{53ad00f com.qrolic.reminderapp/10184} -> PackageSetting{187f93 com.google.android.hotspot2.osulogin/10182} BLOCKED
07-03 15:33:34.258   663  1856 I AppsFilter: interaction: PackageSetting{53ad00f com.qrolic.reminderapp/10184} -> PackageSetting{fff4bd0 com.android.simappdialog/10092} BLOCKED
07-03 15:33:34.261   663  1856 I AppsFilter: interaction: PackageSetting{53ad00f com.qrolic.reminderapp/10184} -> PackageSetting{cd4ece com.android.internal.display.cutout.emulation.hole/10045} BLOCKED
07-03 15:33:34.263   663  1856 I AppsFilter: interaction: PackageSetting{53ad00f com.qrolic.reminderapp/10184} -> PackageSetting{6c181ef com.android.internal.display.cutout.emulation.tall/10047} BLOCKED
07-03 15:33:34.263   663  1856 I AppsFilter: interaction: PackageSetting{53ad00f com.qrolic.reminderapp/10184} -> PackageSetting{3d554fc com.android.internal.systemui.navbar.threebutton/10018} BLOCKED
07-03 15:33:34.266   663  1856 I AppsFilter: interaction: PackageSetting{53ad00f com.qrolic.reminderapp/10184} -> PackageSetting{8a22785 com.android.camera2/10125} BLOCKED
07-03 15:33:34.266   663  1856 I AppsFilter: interaction: PackageSetting{53ad00f com.qrolic.reminderapp/10184} -> PackageSetting{af389da com.android.systemui.auto_generated_rro_vendor__/10071} BLOCKED
07-03 15:33:34.266   663  1856 I AppsFilter: interaction: PackageSetting{53ad00f com.qrolic.reminderapp/10184} -> PackageSetting{64e4e0b com.google.android.deskclock/10127} BLOCKED
07-03 15:33:34.266   663  1856 I AppsFilter: interaction: PackageSetting{53ad00f com.qrolic.reminderapp/10184} -> PackageSetting{2a0c4e8 com.android.internal.systemui.navbar.twobutton/10034} BLOCKED
07-03 15:33:34.267   663  1856 I AppsFilter: interaction: PackageSetting{53ad00f com.qrolic.reminderapp/10184} -> PackageSetting{de2b701 com.google.android.as/10112} BLOCKED
07-03 15:33:34.267   663  1856 I AppsFilter: interaction: PackageSetting{53ad00f com.qrolic.reminderapp/10184} -> PackageSetting{91069a6 com.google.android.gm/10145} BLOCKED
07-03 15:33:34.267   663  1856 I AppsFilter: interaction: PackageSetting{53ad00f com.qrolic.reminderapp/10184} -> PackageSetting{891bfe7 com.android.internal.systemui.navbar.gestural_extra_wide_back/10015} BLOCKED
07-03 15:33:34.267   663  1856 I AppsFilter: interaction: PackageSetting{53ad00f com.qrolic.reminderapp/10184} -> PackageSetting{2314794 com.android.systemui.emulation.pixel_3/10002} BLOCKED
07-03 15:33:34.271   663  1856 I AppsFilter: interaction: PackageSetting{53ad00f com.qrolic.reminderapp/10184} -> PackageSetting{342c23d com.android.systemui.emulation.pixel_4/10048} BLOCKED
07-03 15:33:34.272   663  1856 I AppsFilter: interaction: PackageSetting{53ad00f com.qrolic.reminderapp/10184} -> PackageSetting{2c97a32 com.android.systemui.emulation.pixel_5/10054} BLOCKED
07-03 15:33:34.275   663  1856 I AppsFilter: interaction: PackageSetting{53ad00f com.qrolic.reminderapp/10184} -> PackageSetting{7b07383 com.android.systemui.emulation.pixel_6/10055} BLOCKED
07-03 15:33:34.276   663  1856 I AppsFilter: interaction: PackageSetting{53ad00f com.qrolic.reminderapp/10184} -> PackageSetting{f9e4539 com.android.systemui.emulation.pixel_7/10008} BLOCKED
07-03 15:33:34.279   663  1856 I AppsFilter: interaction: PackageSetting{53ad00f com.qrolic.reminderapp/10184} -> PackageSetting{291077e com.android.nfc.auto_generated_rro_product__/10066} BLOCKED
07-03 15:33:34.286   663  1856 I AppsFilter: interaction: PackageSetting{53ad00f com.qrolic.reminderapp/10184} -> PackageSetting{17cc4df com.android.printspooler/10091} BLOCKED
07-03 15:33:34.286   663  1856 I AppsFilter: interaction: PackageSetting{53ad00f com.qrolic.reminderapp/10184} -> PackageSetting{995f52c com.android.emergency.auto_generated_rro_product__/10020} BLOCKED
07-03 15:33:34.286   663  1856 I AppsFilter: interaction: PackageSetting{53ad00f com.qrolic.reminderapp/10184} -> PackageSetting{194fbf5 com.google.android.connectivity.resources.goldfish.overlay/10069} BLOCKED
07-03 15:33:34.287   663  1856 I AppsFilter: interaction: PackageSetting{53ad00f com.qrolic.reminderapp/10184} -> PackageSetting{5b21d8a com.android.dreams.basic/10104} BLOCKED
07-03 15:33:34.337   663  1856 I AppsFilter: interaction: PackageSetting{53ad00f com.qrolic.reminderapp/10184} -> PackageSetting{492cffb com.google.android.networkstack.tethering.emulator/10049} BLOCKED
07-03 15:33:34.337   663  1856 I AppsFilter: interaction: PackageSetting{53ad00f com.qrolic.reminderapp/10184} -> PackageSetting{5033818 com.android.providers.settings.auto_generated_rro_product__/10065} BLOCKED
