07-03 15:33:39.844   663  3128 I AppsFilter: interaction: PackageSetting{53ad00f com.qrolic.reminderapp/10184} -> PackageSetting{2635046 com.android.internal.systemui.navbar.gestural_wide_back/10063} BLOCKED
07-03 15:33:39.845   663  3128 I AppsFilter: interaction: PackageSetting{53ad00f com.qrolic.reminderapp/10184} -> PackageSetting{2e2b207 com.android.virtualmachine.res/10163} BLOCKED
07-03 15:33:39.845   663  3128 I AppsFilter: interaction: PackageSetting{53ad00f com.qrolic.reminderapp/10184} -> PackageSetting{52e1f34 com.google.android.federatedcompute/10172} BLOCKED
07-03 15:33:39.845   663  3128 I AppsFilter: interaction: PackageSetting{53ad00f com.qrolic.reminderapp/10184} -> PackageSetting{85d515d com.android.managedprovisioning.auto_generated_rro_product__/10038} BLOCKED
07-03 15:33:39.845   663  3128 I AppsFilter: interaction: PackageSetting{53ad00f com.qrolic.reminderapp/10184} -> PackageSetting{9742ad2 com.android.carrierconfig.auto_generated_rro_vendor__/10070} BLOCKED
07-03 15:33:39.902   663  3128 I AppsFilter: interaction: PackageSetting{53ad00f com.qrolic.reminderapp/10184} -> PackageSetting{bee67a3 com.android.systemui.emulation.pixel_3_xl/10064} BLOCKED
07-03 15:33:39.902   663  3128 I AppsFilter: interaction: PackageSetting{53ad00f com.qrolic.reminderapp/10184} -> PackageSetting{327faa0 com.android.systemui.emulation.pixel_4_xl/10039} BLOCKED
07-03 15:33:39.903   663  3128 I AppsFilter: interaction: PackageSetting{53ad00f com.qrolic.reminderapp/10184} -> PackageSetting{e22a659 com.android.simappdialog.auto_generated_rro_product__/10061} BLOCKED
07-03 15:33:39.920   663  3128 I AppsFilter: interaction: PackageSetting{53ad00f com.qrolic.reminderapp/10184} -> PackageSetting{546221e com.android.htmlviewer/10099} BLOCKED
07-03 15:33:39.926   663  3128 I AppsFilter: interaction: PackageSetting{53ad00f com.qrolic.reminderapp/10184} -> PackageSetting{e75daff com.google.android.health.connect.backuprestore/10169} BLOCKED
07-03 15:33:39.927   663  3128 I AppsFilter: interaction: PackageSetting{53ad00f com.qrolic.reminderapp/10184} -> PackageSetting{12220cc com.android.systemui.auto_generated_rro_product__/10053} BLOCKED
07-03 15:33:39.954   663  3128 I AppsFilter: interaction: PackageSetting{53ad00f com.qrolic.reminderapp/10184} -> PackageSetting{b4e4f15 com.google.android.apps.messaging/10115} BLOCKED
07-03 15:33:39.974   663  3128 I AppsFilter: interaction: PackageSetting{53ad00f com.qrolic.reminderapp/10184} -> PackageSetting{bae422a com.google.android.soundpicker/10142} BLOCKED
07-03 15:33:39.980   663  3128 I AppsFilter: interaction: PackageSetting{53ad00f com.qrolic.reminderapp/10184} -> PackageSetting{7d7281b com.google.android.configupdater/10120} BLOCKED
07-03 15:33:40.065   663  3128 I AppsFilter: interaction: PackageSetting{53ad00f com.qrolic.reminderapp/10184} -> PackageSetting{4b67db8 com.android.internal.emulation.pixel_3a_xl/10006} BLOCKED
07-03 15:33:40.066   663  3128 I AppsFilter: interaction: PackageSetting{53ad00f com.qrolic.reminderapp/10184} -> PackageSetting{51c791 com.android.internal.emulation.pixel_6_pro/10046} BLOCKED
07-03 15:33:40.068   663  3128 I AppsFilter: interaction: PackageSetting{53ad00f com.qrolic.reminderapp/10184} -> PackageSetting{8c656f6 com.android.internal.emulation.pixel_7_pro/10016} BLOCKED
07-03 15:33:40.072   663  3128 I AppsFilter: interaction: PackageSetting{53ad00f com.qrolic.reminderapp/10184} -> PackageSetting{3362af7 com.android.internal.emulation.pixel_3a/10035} BLOCKED
07-03 15:33:40.073   663  3128 I AppsFilter: interaction: PackageSetting{53ad00f com.qrolic.reminderapp/10184} -> PackageSetting{131bd64 com.android.internal.emulation.pixel_4a/10031} BLOCKED
07-03 15:33:40.077   663  3128 I AppsFilter: interaction: PackageSetting{53ad00f com.qrolic.reminderapp/10184} -> PackageSetting{93a4bcd com.android.internal.emulation.pixel_6a/10032} BLOCKED
07-03 15:33:40.149   663  3128 I AppsFilter: interaction: PackageSetting{53ad00f com.qrolic.reminderapp/10184} -> PackageSetting{e78ec82 com.google.android.overlay.googlewebview/10057} BLOCKED
07-03 15:33:40.163   663  3128 I AppsFilter: interaction: PackageSetting{53ad00f com.qrolic.reminderapp/10184} -> PackageSetting{187f93 com.google.android.hotspot2.osulogin/10182} BLOCKED
07-03 15:33:40.165   663  3128 I AppsFilter: interaction: PackageSetting{53ad00f com.qrolic.reminderapp/10184} -> PackageSetting{fff4bd0 com.android.simappdialog/10092} BLOCKED
07-03 15:33:40.215   663  3128 I AppsFilter: interaction: PackageSetting{53ad00f com.qrolic.reminderapp/10184} -> PackageSetting{cd4ece com.android.internal.display.cutout.emulation.hole/10045} BLOCKED
07-03 15:33:40.216   663  3128 I AppsFilter: interaction: PackageSetting{53ad00f com.qrolic.reminderapp/10184} -> PackageSetting{6c181ef com.android.internal.display.cutout.emulation.tall/10047} BLOCKED
07-03 15:33:40.216   663  3128 I AppsFilter: interaction: PackageSetting{53ad00f com.qrolic.reminderapp/10184} -> PackageSetting{3d554fc com.android.internal.systemui.navbar.threebutton/10018} BLOCKED
07-03 15:33:40.216   663  3128 I AppsFilter: interaction: PackageSetting{53ad00f com.qrolic.reminderapp/10184} -> PackageSetting{8a22785 com.android.camera2/10125} BLOCKED
07-03 15:33:40.216   663  3128 I AppsFilter: interaction: PackageSetting{53ad00f com.qrolic.reminderapp/10184} -> PackageSetting{af389da com.android.systemui.auto_generated_rro_vendor__/10071} BLOCKED
07-03 15:33:40.216   663  3128 I AppsFilter: interaction: PackageSetting{53ad00f com.qrolic.reminderapp/10184} -> PackageSetting{64e4e0b com.google.android.deskclock/10127} BLOCKED
07-03 15:33:40.216   663  3128 I AppsFilter: interaction: PackageSetting{53ad00f com.qrolic.reminderapp/10184} -> PackageSetting{2a0c4e8 com.android.internal.systemui.navbar.twobutton/10034} BLOCKED
07-03 15:33:40.217   663  3128 I AppsFilter: interaction: PackageSetting{53ad00f com.qrolic.reminderapp/10184} -> PackageSetting{de2b701 com.google.android.as/10112} BLOCKED
07-03 15:33:40.270   663  3128 I AppsFilter: interaction: PackageSetting{53ad00f com.qrolic.reminderapp/10184} -> PackageSetting{91069a6 com.google.android.gm/10145} BLOCKED
07-03 15:33:40.270   663  3128 I AppsFilter: interaction: PackageSetting{53ad00f com.qrolic.reminderapp/10184} -> PackageSetting{891bfe7 com.android.internal.systemui.navbar.gestural_extra_wide_back/10015} BLOCKED
07-03 15:33:40.271   663  3128 I AppsFilter: interaction: PackageSetting{53ad00f com.qrolic.reminderapp/10184} -> PackageSetting{2314794 com.android.systemui.emulation.pixel_3/10002} BLOCKED
07-03 15:33:40.272   663  3128 I AppsFilter: interaction: PackageSetting{53ad00f com.qrolic.reminderapp/10184} -> PackageSetting{342c23d com.android.systemui.emulation.pixel_4/10048} BLOCKED
07-03 15:33:40.272   663  3128 I AppsFilter: interaction: PackageSetting{53ad00f com.qrolic.reminderapp/10184} -> PackageSetting{2c97a32 com.android.systemui.emulation.pixel_5/10054} BLOCKED
07-03 15:33:40.286   663  3128 I AppsFilter: interaction: PackageSetting{53ad00f com.qrolic.reminderapp/10184} -> PackageSetting{7b07383 com.android.systemui.emulation.pixel_6/10055} BLOCKED
07-03 15:33:40.286   663  3128 I AppsFilter: interaction: PackageSetting{53ad00f com.qrolic.reminderapp/10184} -> PackageSetting{f9e4539 com.android.systemui.emulation.pixel_7/10008} BLOCKED
07-03 15:33:40.287   663  3128 I AppsFilter: interaction: PackageSetting{53ad00f com.qrolic.reminderapp/10184} -> PackageSetting{291077e com.android.nfc.auto_generated_rro_product__/10066} BLOCKED
07-03 15:33:40.287   663  3128 I AppsFilter: interaction: PackageSetting{53ad00f com.qrolic.reminderapp/10184} -> PackageSetting{17cc4df com.android.printspooler/10091} BLOCKED
07-03 15:33:40.287   663  3128 I AppsFilter: interaction: PackageSetting{53ad00f com.qrolic.reminderapp/10184} -> PackageSetting{995f52c com.android.emergency.auto_generated_rro_product__/10020} BLOCKED
07-03 15:33:40.288   663  3128 I AppsFilter: interaction: PackageSetting{53ad00f com.qrolic.reminderapp/10184} -> PackageSetting{194fbf5 com.google.android.connectivity.resources.goldfish.overlay/10069} BLOCKED
07-03 15:33:40.288   663  3128 I AppsFilter: interaction: PackageSetting{53ad00f com.qrolic.reminderapp/10184} -> PackageSetting{5b21d8a com.android.dreams.basic/10104} BLOCKED
07-03 15:33:40.289   663  3128 I AppsFilter: interaction: PackageSetting{53ad00f com.qrolic.reminderapp/10184} -> PackageSetting{492cffb com.google.android.networkstack.tethering.emulator/10049} BLOCKED
07-03 15:33:40.289   663  3128 I AppsFilter: interaction: PackageSetting{53ad00f com.qrolic.reminderapp/10184} -> PackageSetting{5033818 com.android.providers.settings.auto_generated_rro_product__/10065} BLOCKED
07-03 15:33:40.296   663  3128 I AppsFilter: interaction: PackageSetting{53ad00f com.qrolic.reminderapp/10184} -> PackageSetting{8066271 com.google.android.as.oss/10108} BLOCKED
07-03 15:33:40.366   663  3128 I AppsFilter: interaction: PackageSetting{53ad00f com.qrolic.reminderapp/10184} -> PackageSetting{11c8856 com.android.traceur.auto_generated_rro_product__/10014} BLOCKED
07-03 15:33:40.367   663  3128 I AppsFilter: interaction: PackageSetting{53ad00f com.qrolic.reminderapp/10184} -> PackageSetting{f93988 com.google.android.devicelockcontroller/10174} BLOCKED
07-03 15:33:40.368   663  3128 I AppsFilter: interaction: PackageSetting{53ad00f com.qrolic.reminderapp/10184} -> PackageSetting{33470d7 com.google.android.dialer/10122} BLOCKED
07-03 15:33:40.378   663  3128 I AppsFilter: interaction: PackageSetting{53ad00f com.qrolic.reminderapp/10184} -> PackageSetting{4ffbdc4 com.android.internal.emulation.pixel_3/10013} BLOCKED
07-03 15:33:40.380   663  3128 I AppsFilter: interaction: PackageSetting{53ad00f com.qrolic.reminderapp/10184} -> PackageSetting{64db4ad com.android.internal.emulation.pixel_4/10010} BLOCKED
07-03 15:33:40.418   663  3128 I AppsFilter: interaction: PackageSetting{53ad00f com.qrolic.reminderapp/10184} -> PackageSetting{6f0d3e2 com.android.internal.emulation.pixel_5/10029} BLOCKED
07-03 15:33:40.663   663  3128 I AppsFilter: interaction: PackageSetting{53ad00f com.qrolic.reminderapp/10184} -> PackageSetting{7e54373 com.android.internal.emulation.pixel_6/10042} BLOCKED
07-03 15:33:40.663   663  3128 I AppsFilter: interaction: PackageSetting{53ad00f com.qrolic.reminderapp/10184} -> PackageSetting{51cf230 com.android.internal.emulation.pixel_7/10028} BLOCKED
07-03 15:33:40.664   663  3128 I AppsFilter: interaction: PackageSetting{53ad00f com.qrolic.reminderapp/10184} -> PackageSetting{3deea9 com.google.android.captiveportallogin/10095} BLOCKED
07-03 15:33:41.004   663  3128 I AppsFilter: interaction: PackageSetting{53ad00f com.qrolic.reminderapp/10184} -> PackageSetting{8cc4c2e com.android.musicfx/10077} BLOCKED
07-03 15:33:41.006   663  3128 I AppsFilter: interaction: PackageSetting{53ad00f com.qrolic.reminderapp/10184} -> PackageSetting{b687a78 com.google.android.apps.maps/10138} BLOCKED
07-03 15:33:41.008   663  3128 I AppsFilter: interaction: PackageSetting{53ad00f com.qrolic.reminderapp/10184} -> PackageSetting{7c6a3cf com.google.android.modulemetadata/10128} BLOCKED
07-03 15:33:41.254   663  3128 I AppsFilter: interaction: PackageSetting{53ad00f com.qrolic.reminderapp/10184} -> PackageSetting{697015c com.google.android.markup/10130} BLOCKED
07-03 15:33:41.262   663  3128 I AppsFilter: interaction: PackageSetting{53ad00f com.qrolic.reminderapp/10184} -> PackageSetting{9ddcc65 com.android.providers.settings.auto_generated_rro_vendor__/10068} BLOCKED
07-03 15:33:41.262   663  3128 I AppsFilter: interaction: PackageSetting{53ad00f com.qrolic.reminderapp/10184} -> PackageSetting{e3c442e com.google.android.rkpdapp/10160} BLOCKED
07-03 15:33:41.262   663  3128 I AppsFilter: interaction: PackageSetting{53ad00f com.qrolic.reminderapp/10184} -> PackageSetting{40d748 com.google.android.contacts/10133} BLOCKED
07-03 15:33:41.263   663  3128 I AppsFilter: interaction: PackageSetting{53ad00f com.qrolic.reminderapp/10184} -> PackageSetting{6e3c9e1 com.android.server.telecom.auto_generated_rro_product__/10025} BLOCKED
07-03 15:33:41.263   663  3128 I AppsFilter: interaction: PackageSetting{53ad00f com.qrolic.reminderapp/10184} -> PackageSetting{b85b306 com.google.android.overlay.googleconfig/10044} BLOCKED
07-03 15:33:41.450   663  3128 I AppsFilter: interaction: PackageSetting{53ad00f com.qrolic.reminderapp/10184} -> PackageSetting{11d3dc7 com.android.bips.auto_generated_rro_product__/10011} BLOCKED
07-03 15:33:41.452   663  3128 I AppsFilter: interaction: PackageSetting{53ad00f com.qrolic.reminderapp/10184} -> PackageSetting{1301ff4 com.google.android.apps.customization.pixel/10141} BLOCKED
07-03 15:33:41.467   663  3128 I AppsFilter: interaction: PackageSetting{53ad00f com.qrolic.reminderapp/10184} -> PackageSetting{5f2231d com.google.android.tag/10082} BLOCKED
07-03 15:33:41.482   663  3128 I AppsFilter: interaction: PackageSetting{53ad00f com.qrolic.reminderapp/10184} -> PackageSetting{439f992 com.google.android.overlay.permissioncontroller/10051} BLOCKED
07-03 15:33:41.508   663  3128 I AppsFilter: interaction: PackageSetting{53ad00f com.qrolic.reminderapp/10184} -> PackageSetting{9114a00 com.google.android.partnersetup/10118} BLOCKED
07-03 15:33:41.522   663  3128 I AppsFilter: interaction: PackageSetting{53ad00f com.qrolic.reminderapp/10184} -> PackageSetting{fa5ef63 com.google.android.apps.wallpaper.nexus/10132} BLOCKED
07-03 15:33:41.538   663  3128 I AppsFilter: interaction: PackageSetting{53ad00f com.qrolic.reminderapp/10184} -> PackageSetting{2294760 com.google.android.apps.nexuslauncher/10152} BLOCKED
07-03 15:33:41.674   663  3128 I AppsFilter: interaction: PackageSetting{53ad00f com.qrolic.reminderapp/10184} -> PackageSetting{392d419 com.google.android.nearby.halfsheet/10179} BLOCKED
07-03 15:33:41.674   663  3128 I AppsFilter: interaction: PackageSetting{53ad00f com.qrolic.reminderapp/10184} -> PackageSetting{67a1cde com.android.theme.font.notoserifsource/10058} BLOCKED
07-03 15:33:41.785   663  3128 I AppsFilter: interaction: PackageSetting{53ad00f com.qrolic.reminderapp/10184} -> PackageSetting{87e1ebf com.google.android.safetycenter.resources/10161} BLOCKED
07-03 15:33:41.826   663  3128 I AppsFilter: interaction: PackageSetting{53ad00f com.qrolic.reminderapp/10184} -> PackageSetting{1cb798c com.android.internal.display.cutout.emulation.waterfall/10000} BLOCKED
07-03 15:33:41.827   663  3128 I AppsFilter: interaction: PackageSetting{53ad00f com.qrolic.reminderapp/10184} -> PackageSetting{f398d5 com.android.internal.systemui.navbar.transparent/10007} BLOCKED
07-03 15:33:41.828   663  3128 I AppsFilter: interaction: PackageSetting{53ad00f com.qrolic.reminderapp/10184} -> PackageSetting{a0728ea com.google.android.connectivity.resources/10178} BLOCKED
07-03 15:33:41.828   663  3128 I AppsFilter: interaction: PackageSetting{53ad00f com.qrolic.reminderapp/10184} -> PackageSetting{27fe7db com.android.providers.contacts.auto_generated_rro_product__/10009} BLOCKED
07-03 15:33:42.002   663  3128 I AppsFilter: interaction: PackageSetting{53ad00f com.qrolic.reminderapp/10184} -> PackageSetting{77ca278 com.google.android.feedback/10157} BLOCKED
07-03 15:33:42.002   663  3128 I AppsFilter: interaction: PackageSetting{53ad00f com.qrolic.reminderapp/10184} -> PackageSetting{a61ed51 com.google.android.printservice.recommendation/10094} BLOCKED
07-03 15:33:42.003   663  3128 I AppsFilter: interaction: PackageSetting{53ad00f com.qrolic.reminderapp/10184} -> PackageSetting{fa6e9b6 com.google.android.apps.photos/10140} BLOCKED
07-03 15:33:42.003   663  3128 I AppsFilter: interaction: PackageSetting{53ad00f com.qrolic.reminderapp/10184} -> PackageSetting{229d18c com.google.android.calendar/10131} BLOCKED
07-03 15:33:42.003   663  3128 I AppsFilter: interaction: PackageSetting{53ad00f com.qrolic.reminderapp/10184} -> PackageSetting{e0b26b7 com.google.android.documentsui/10083} BLOCKED
07-03 15:33:42.003   663  3128 I AppsFilter: interaction: PackageSetting{53ad00f com.qrolic.reminderapp/10184} -> PackageSetting{9156e24 com.android.systemui.emulation.pixel_3a_xl/10027} BLOCKED
07-03 15:33:42.004   663  3128 I AppsFilter: interaction: PackageSetting{53ad00f com.qrolic.reminderapp/10184} -> PackageSetting{9870d8d com.android.systemui.emulation.pixel_6_pro/10004} BLOCKED
07-03 15:33:42.004   663  3128 I AppsFilter: interaction: PackageSetting{53ad00f com.qrolic.reminderapp/10184} -> PackageSetting{cafeb42 com.android.systemui.emulation.pixel_7_pro/10026} BLOCKED
07-03 15:33:42.004   663  3128 I AppsFilter: interaction: PackageSetting{53ad00f com.qrolic.reminderapp/10184} -> PackageSetting{7a17753 com.google.mainline.telemetry/10139} BLOCKED
07-03 15:33:42.004   663  3128 I AppsFilter: interaction: PackageSetting{53ad00f com.qrolic.reminderapp/10184} -> PackageSetting{f4d4890 com.android.carrierconfig.auto_generated_rro_product__/10043} BLOCKED
07-03 15:33:42.004   663  3128 I AppsFilter: interaction: PackageSetting{53ad00f com.qrolic.reminderapp/10184} -> PackageSetting{f63f589 com.android.providers.partnerbookmarks/10105} BLOCKED
07-03 15:33:42.035   663  3128 I AppsFilter: interaction: PackageSetting{53ad00f com.qrolic.reminderapp/10184} -> PackageSetting{355798e com.android.role.notes.enabled/10001} BLOCKED
07-03 15:33:42.041  7418  7429 I lic.reminderapp: Background concurrent copying GC freed 16317(1906KB) AllocSpace objects, 12(304KB) LOS objects, 49% free, 3630KB/7260KB, paused 54.532ms,48.211ms total 608.769ms
07-03 15:33:42.174   663  3128 I AppsFilter: interaction: PackageSetting{53ad00f com.qrolic.reminderapp/10184} -> PackageSetting{84235af com.android.wallpaper.livepicker/10078} BLOCKED
07-03 15:33:42.213   663  3128 I AppsFilter: interaction: PackageSetting{53ad00f com.qrolic.reminderapp/10184} -> PackageSetting{4e65dbc com.android.providers.telephony.auto_generated_rro_product__/10037} BLOCKED
07-03 15:33:42.214   663  3128 I AppsFilter: interaction: PackageSetting{53ad00f com.qrolic.reminderapp/10184} -> PackageSetting{20d6145 com.android.phone.auto_generated_rro_vendor__/10072} BLOCKED
07-03 15:33:42.214   663  3128 I AppsFilter: interaction: PackageSetting{53ad00f com.qrolic.reminderapp/10184} -> PackageSetting{3b3a09a com.google.mainline.adservices/10134} BLOCKED
07-03 15:33:42.214   663  3128 I AppsFilter: interaction: PackageSetting{53ad00f com.qrolic.reminderapp/10184} -> PackageSetting{f867dcb com.android.imsserviceentitlement/10109} BLOCKED
07-03 15:33:42.214   663  3128 I AppsFilter: interaction: PackageSetting{53ad00f com.qrolic.reminderapp/10184} -> PackageSetting{c9999a8 com.google.android.healthconnect.controller/10168} BLOCKED
07-03 15:33:42.214   663  3128 I AppsFilter: interaction: PackageSetting{53ad00f com.qrolic.reminderapp/10184} -> PackageSetting{a27ccc1 com.android.internal.emulation.pixel_2_xl/10033} BLOCKED
07-03 15:33:42.214   663  3128 I AppsFilter: interaction: PackageSetting{53ad00f com.qrolic.reminderapp/10184} -> PackageSetting{19b2c66 com.android.internal.emulation.pixel_3_xl/10005} BLOCKED
07-03 15:33:42.214   663  3128 I AppsFilter: interaction: PackageSetting{53ad00f com.qrolic.reminderapp/10184} -> PackageSetting{37d2ba7 com.android.internal.emulation.pixel_4_xl/10040} BLOCKED
07-03 15:33:42.215   663  3128 I AppsFilter: interaction: PackageSetting{53ad00f com.qrolic.reminderapp/10184} -> PackageSetting{9c2a854 com.android.bookmarkprovider/10100} BLOCKED
07-03 15:33:42.220   663  3128 I AppsFilter: interaction: PackageSetting{53ad00f com.qrolic.reminderapp/10184} -> PackageSetting{c2373fd com.google.android.overlay.pixelconfigcommon/10052} BLOCKED
07-03 15:33:42.221   663  3128 I AppsFilter: interaction: PackageSetting{53ad00f com.qrolic.reminderapp/10184} -> PackageSetting{b1da8f2 com.android.systemui.accessibility.accessibilitymenu.auto_generated_rro_product__/10017} BLOCKED
07-03 15:33:42.221   663  3128 I AppsFilter: interaction: PackageSetting{53ad00f com.qrolic.reminderapp/10184} -> PackageSetting{246db43 com.android.systemui.emulation.pixel_3a/10024} BLOCKED
07-03 15:33:42.221   663  3128 I AppsFilter: interaction: PackageSetting{53ad00f com.qrolic.reminderapp/10184} -> PackageSetting{7cbf5c0 com.android.systemui.emulation.pixel_4a/10019} BLOCKED
07-03 15:33:42.222   663  3128 I AppsFilter: interaction: PackageSetting{53ad00f com.qrolic.reminderapp/10184} -> PackageSetting{93852f9 com.android.systemui.emulation.pixel_6a/10036} BLOCKED
07-03 15:33:42.222   663  3128 I AppsFilter: interaction: PackageSetting{53ad00f com.qrolic.reminderapp/10184} -> PackageSetting{bd9623e com.google.android.settings.intelligence/10111} BLOCKED
07-03 15:33:42.222   663  3128 I AppsFilter: interaction: PackageSetting{53ad00f com.qrolic.reminderapp/10184} -> PackageSetting{82ea09f com.google.android.projection.gearhead/10113} BLOCKED
07-03 15:33:42.222   663  3128 I AppsFilter: interaction: PackageSetting{53ad00f com.qrolic.reminderapp/10184} -> PackageSetting{171e89f com.google.android.uwb.resources/10175} BLOCKED
07-03 15:33:42.222   663  3128 I AppsFilter: interaction: PackageSetting{53ad00f com.qrolic.reminderapp/10184} -> PackageSetting{ac505ec com.android.cts.ctsshim/10177} BLOCKED
07-03 15:33:42.222   663  3128 I AppsFilter: interaction: PackageSetting{53ad00f com.qrolic.reminderapp/10184} -> PackageSetting{c5aadec com.google.android.wifi.resources/10180} BLOCKED
07-03 15:33:42.223   663  3128 I AppsFilter: interaction: PackageSetting{53ad00f com.qrolic.reminderapp/10184} -> PackageSetting{42225b5 com.google.android.wifi.dialog/10181} BLOCKED
07-03 15:33:42.223   663  3128 I AppsFilter: interaction: PackageSetting{53ad00f com.qrolic.reminderapp/10184} -> PackageSetting{905644a com.google.android.apps.wallpaper/10150} BLOCKED
07-03 15:33:42.223   663  3128 I AppsFilter: interaction: PackageSetting{53ad00f com.qrolic.reminderapp/10184} -> PackageSetting{7166fbb com.google.android.odad/10119} BLOCKED
07-03 15:33:42.223   663  3128 I AppsFilter: interaction: PackageSetting{53ad00f com.qrolic.reminderapp/10184} -> PackageSetting{e3c94c0 com.example.myapplication/10183} BLOCKED
07-03 15:33:42.223   663  3128 I AppsFilter: interaction: PackageSetting{53ad00f com.qrolic.reminderapp/10184} -> PackageSetting{3abcd8 com.android.settings.auto_generated_rro_product__/10021} BLOCKED
07-03 15:33:42.223   663  3128 I AppsFilter: interaction: PackageSetting{53ad00f com.qrolic.reminderapp/10184} -> PackageSetting{59c6831 com.android.internal.systemui.navbar.gestural/10059} BLOCKED
07-03 15:33:42.223   663  3128 I AppsFilter: interaction: PackageSetting{53ad00f com.qrolic.reminderapp/10184} -> PackageSetting{23d7b16 com.google.android.apps.youtube.music/10144} BLOCKED
07-03 15:33:42.224   663  3128 I AppsFilter: interaction: PackageSetting{53ad00f com.qrolic.reminderapp/10184} -> PackageSetting{8b24c97 com.android.bluetoothmidiservice/10103} BLOCKED
07-03 15:33:42.224   663  3128 I AppsFilter: interaction: PackageSetting{53ad00f com.qrolic.reminderapp/10184} -> PackageSetting{b0ace84 com.android.storagemanager.auto_generated_rro_product__/10022} BLOCKED
07-03 15:33:42.224   663  3128 I AppsFilter: interaction: PackageSetting{53ad00f com.qrolic.reminderapp/10184} -> PackageSetting{c9e566d com.google.android.cellbroadcastreceiver/10173} BLOCKED
07-03 15:33:42.224   663  3128 I AppsFilter: interaction: PackageSetting{53ad00f com.qrolic.reminderapp/10184} -> PackageSetting{30e32a2 com.android.phone.auto_generated_rro_product__/10041} BLOCKED
07-03 15:33:42.224   663  3128 I AppsFilter: interaction: PackageSetting{53ad00f com.qrolic.reminderapp/10184} -> PackageSetting{bc51b33 android.auto_generated_rro_product__/10023} BLOCKED
07-03 15:33:42.224   663  3128 I AppsFilter: interaction: PackageSetting{53ad00f com.qrolic.reminderapp/10184} -> PackageSetting{da84ef0 com.android.internal.systemui.navbar.gestural_narrow_back/10050} BLOCKED
07-03 15:33:42.224   663  3128 I AppsFilter: interaction: PackageSetting{53ad00f com.qrolic.reminderapp/10184} -> PackageSetting{656ec69 com.google.android.inputmethod.latin/10129} BLOCKED
07-03 15:33:42.225   663  3128 I AppsFilter: interaction: PackageSetting{53ad00f com.qrolic.reminderapp/10184} -> PackageSetting{140d6ee android.auto_generated_rro_vendor__/10067} BLOCKED
07-03 15:33:42.225   663  3128 I AppsFilter: interaction: PackageSetting{53ad00f com.qrolic.reminderapp/10184} -> PackageSetting{42c378f com.google.android.apps.restore/10114} BLOCKED
07-03 15:33:52.178   663   734 I ActivityManager: Start proc 7664:com.google.android.webview:sandboxed_process0:org.chromium.content.app.SandboxedProcessService0:0/u0ai9000 for  {com.qrolic.reminderapp/org.chromium.content.app.SandboxedProcessService0:0}
07-03 15:34:03.239   663   734 I ActivityManager: Start proc 7725:com.google.android.webview:sandboxed_process1:org.chromium.content.app.SandboxedProcessService1:0/u0i1 for  {com.qrolic.reminderapp/org.chromium.content.app.SandboxedProcessService1:0}
07-03 15:34:05.266   663  7404 E ActivityManager:   7.1% 7418/com.qrolic.reminderapp: 0.5% user + 6.6% kernel / faults: 781 minor 590 major
07-03 15:34:05.818   663  7404 E ActivityManager:   7.1% 7418/com.qrolic.reminderapp: 0.5% user + 6.6% kernel / faults: 781 minor 590 major
07-03 15:34:05.917   663  7404 E ActivityManager:   7.1% 7418/com.qrolic.reminderapp: 0.5% user + 6.6% kernel / faults: 781 minor 590 major
07-03 15:34:07.402  7418  7806 W lic.reminderapp: Verification of void anh.s(aod, java.util.Set) took 129.390ms (2009.43 bytecodes/s) (9192B approximate peak alloc)
07-03 15:34:08.001   663  3146 D ConnectivityService: requestNetwork for uid/pid:10184/7418 activeRequest: null callbackRequest: 194 [NetworkRequest [ REQUEST id=195, [ Capabilities: INTERNET&NOT_RESTRICTED&TRUSTED&NOT_VCN_MANAGED Uid: 10184 RequestorUid: 10184 RequestorPkg: com.qrolic.reminderapp UnderlyingNetworks: Null] ]] callback flags: 0 order: 2147483647
07-03 15:34:08.025   663   899 D WifiNetworkFactory: got request NetworkRequest [ REQUEST id=195, [ Capabilities: INTERNET&NOT_RESTRICTED&TRUSTED&NOT_VCN_MANAGED Uid: 10184 RequestorUid: 10184 RequestorPkg: com.qrolic.reminderapp UnderlyingNetworks: Null] ]
07-03 15:34:08.031   663   899 D UntrustedWifiNetworkFactory: got request NetworkRequest [ REQUEST id=195, [ Capabilities: INTERNET&NOT_RESTRICTED&TRUSTED&NOT_VCN_MANAGED Uid: 10184 RequestorUid: 10184 RequestorPkg: com.qrolic.reminderapp UnderlyingNetworks: Null] ]
07-03 15:34:08.041   663   899 D OemPaidWifiNetworkFactory: got request NetworkRequest [ REQUEST id=195, [ Capabilities: INTERNET&NOT_RESTRICTED&TRUSTED&NOT_VCN_MANAGED Uid: 10184 RequestorUid: 10184 RequestorPkg: com.qrolic.reminderapp UnderlyingNetworks: Null] ]
07-03 15:34:08.070   663   899 D MultiInternetWifiNetworkFactory: got request NetworkRequest [ REQUEST id=195, [ Capabilities: INTERNET&NOT_RESTRICTED&TRUSTED&NOT_VCN_MANAGED Uid: 10184 RequestorUid: 10184 RequestorPkg: com.qrolic.reminderapp UnderlyingNetworks: Null] ]
07-03 15:34:09.085  7418  7418 W lic.reminderapp: Verification of void com.google.android.gms.ads.internal.js.j.<init>(com.google.android.gms.ads.internal.js.k, com.google.android.gms.ads.internal.gmsg.ai) took 113.637ms (70.40 bytecodes/s) (1472B approximate peak alloc)
07-03 15:34:12.160   663  7830 E ActivityManager:   19% 7418/com.qrolic.reminderapp: 3.3% user + 15% kernel / faults: 3855 minor 494 major
07-03 15:34:12.860   663  1755 D CoreBackPreview: Window{e382b34 u0 com.qrolic.reminderapp/com.qrolic.reminderapp.activity.SplashActivity}: Setting back callback OnBackInvokedCallbackInfo{mCallback=android.window.IOnBackInvokedCallback$Stub$Proxy@d4997f5, mPriority=0, mIsAnimationCallback=false}
07-03 15:34:15.823   663  2222 D CoreBackPreview: Window{22867cd u0 com.qrolic.reminderapp/com.qrolic.reminderapp.activity.SplashActivity}: Setting back callback OnBackInvokedCallbackInfo{mCallback=android.window.IOnBackInvokedCallback$Stub$Proxy@a9e5e7f, mPriority=0, mIsAnimationCallback=false}
07-03 15:34:15.943   663   718 W ziparchive: Unable to open '/data/app/~~9GBDy-R1a7-qo4ztIGU4zg==/com.qrolic.reminderapp-pK-JOJjGDOTLxIltBXRnTA==/base.dm': No such file or directory
07-03 15:34:16.266   663  1856 W InputManager-JNI: Input channel object 'edb1930 Splash Screen com.qrolic.reminderapp (client)' was disposed without first being removed with the input manager!
07-03 15:34:16.381   663  3146 D CoreBackPreview: Window{edb1930 u0 Splash Screen com.qrolic.reminderapp EXITING}: Setting back callback null
07-03 15:34:16.533   663   718 I ActivityTaskManager: Displayed com.qrolic.reminderapp/.activity.SplashActivity for user 0: +1m22s19ms
07-03 15:34:29.739   663  3088 W ProcessStats: Tracking association SourceState{4c41102 com.qrolic.reminderapp/10184 Top #3347} whose proc state 1 is better than process ProcessState{fc82c89 com.google.android.gms/10116 pkg=com.google.android.gms} proc state 2 (40 skipped)
07-03 15:34:34.658   663   733 E ActivityManager: Timeout waiting for provider com.google.android.gms/10116 for provider com.google.android.gms.fonts caller=ProcessRecord{14158e4 7418:com.qrolic.reminderapp/u0a184}
07-03 15:34:55.172   663  8107 E ActivityManager:   7.1% 7418/com.qrolic.reminderapp: 2% user + 5.1% kernel / faults: 6775 minor 848 major
07-03 15:34:55.593   663  2733 W ProcessStats: Tracking association SourceState{4c41102 com.qrolic.reminderapp/10184 Top #3410} whose proc state 1 is better than process ProcessState{fc82c89 com.google.android.gms/10116 pkg=com.google.android.gms} proc state 2 (88 skipped)
07-03 15:35:04.210  7418  7429 I lic.reminderapp: Background young concurrent copying GC freed 32610(1946KB) AllocSpace objects, 12(560KB) LOS objects, 35% free, 4704KB/7260KB, paused 630us,2.992ms total 279.896ms
07-03 15:35:06.023   663  3087 W ProcessStats: Tracking association SourceState{4c41102 com.qrolic.reminderapp/10184 Top #3447} whose proc state 1 is better than process ProcessState{fc82c89 com.google.android.gms/10116 pkg=com.google.android.gms} proc state 2 (54 skipped)
07-03 15:35:08.778   663  8286 E ActivityManager:   5.7% 7418/com.qrolic.reminderapp: 0.3% user + 5.4% kernel / faults: 669 minor 381 major
07-03 15:35:09.826   663   677 E ActivityTaskManager: setVisibility=true while transition is not collecting or finishing ActivityRecord{6e06562 u0 com.qrolic.reminderapp/.activity.SplashActivity t18} caller=com.android.server.wm.ActivityRecord.setVisibility:5272 com.android.server.wm.TaskFragment.resumeTopActivity:1391 com.android.server.wm.Task.resumeTopActivityInnerLocked:5037 com.android.server.wm.Task.resumeTopActivityUncheckedLocked:4967 com.android.server.wm.Task.resumeTopActivityUncheckedLocked:5018 com.android.server.wm.RootWindowContainer.lambda$applySleepTokens$20:2410 com.android.server.wm.RootWindowContainer.$r8$lambda$9xL80GDJRExKql35hTmQVg_ieD8:0 com.android.server.wm.RootWindowContainer$$ExternalSyntheticLambda10.accept:0 
07-03 15:35:11.210   663  1569 I ActivityManager: Killing 7418:com.qrolic.reminderapp/u0a184 (adj 0): depends on provider com.google.android.gms/.fonts.provider.FontsProvider in dying proc com.google.android.gms.persistent (adj -10000)
07-03 15:35:11.271   663   676 I WindowManager: WIN DEATH: Window{e382b34 u0 com.qrolic.reminderapp/com.qrolic.reminderapp.activity.SplashActivity}
07-03 15:35:11.294   663   908 D ConnectivityService: releasing NetworkRequest [ REQUEST id=191, [ Capabilities: INTERNET&NOT_RESTRICTED&TRUSTED&NOT_VCN_MANAGED Uid: 10184 RequestorUid: 10184 RequestorPkg: com.qrolic.reminderapp UnderlyingNetworks: Null] ] (release request)
07-03 15:35:11.310   663   676 W InputManager-JNI: Input channel object 'e382b34 com.qrolic.reminderapp/com.qrolic.reminderapp.activity.SplashActivity (client)' was disposed without first being removed with the input manager!
07-03 15:35:11.331   663  1097 I WindowManager: WIN DEATH: Window{22867cd u0 com.qrolic.reminderapp/com.qrolic.reminderapp.activity.SplashActivity}
07-03 15:35:11.336   663  1097 W InputManager-JNI: Input channel object '22867cd com.qrolic.reminderapp/com.qrolic.reminderapp.activity.SplashActivity (client)' was disposed without first being removed with the input manager!
07-03 15:35:11.854   663  2787 V SplashScreenExceptionList: SplashScreen checking exception for package com.qrolic.reminderapp (target sdk:30) -> false
07-03 15:35:11.949  7977  8067 D nativeloader: Configuring clns-7 for other apk . target_sdk_version=30, uses_libraries=, library_path=/data/app/~~9GBDy-R1a7-qo4ztIGU4zg==/com.qrolic.reminderapp-pK-JOJjGDOTLxIltBXRnTA==/lib/x86_64, permitted_path=/data:/mnt/expand
07-03 15:35:12.022   663  1097 D CoreBackPreview: Window{3f3e598 u0 Splash Screen com.qrolic.reminderapp}: Setting back callback OnBackInvokedCallbackInfo{mCallback=android.window.IOnBackInvokedCallback$Stub$Proxy@532b1d6, mPriority=0, mIsAnimationCallback=false}
07-03 15:35:13.082  7977  8354 E SurfaceSyncGroup: Failed to receive transaction ready in 1000ms. Marking SurfaceSyncGroup(wmsSync-VRI[reminderapp]#0) as ready
07-03 15:35:13.120  7977  8354 E SurfaceSyncGroup: Failed to receive transaction ready in 1000ms. Marking SurfaceSyncGroup(VRI[reminderapp]#1) as ready
07-03 15:35:13.532   663   734 I ActivityManager: Start proc 8395:com.qrolic.reminderapp/u0a184 for top-activity {com.qrolic.reminderapp/com.qrolic.reminderapp.activity.SplashActivity}
07-03 15:35:13.576  8395  8395 I lic.reminderapp: Late-enabling -Xcheck:jni
07-03 15:35:13.671  8395  8395 I lic.reminderapp: Using CollectorTypeCC GC.
07-03 15:35:13.673  8395  8395 W lic.reminderapp: Unexpected CPU variant for x86: x86_64.
07-03 15:35:13.673  8395  8395 W lic.reminderapp: Known variants: atom, sandybridge, silvermont, goldmont, goldmont-plus, tremont, kabylake, default
07-03 15:35:14.520  8395  8395 W ziparchive: Unable to open '/data/app/~~9GBDy-R1a7-qo4ztIGU4zg==/com.qrolic.reminderapp-pK-JOJjGDOTLxIltBXRnTA==/base.dm': No such file or directory
07-03 15:35:14.521  8395  8395 W ziparchive: Unable to open '/data/app/~~9GBDy-R1a7-qo4ztIGU4zg==/com.qrolic.reminderapp-pK-JOJjGDOTLxIltBXRnTA==/base.dm': No such file or directory
07-03 15:35:14.834  8395  8395 D nativeloader: Configuring clns-6 for other apk /data/app/~~9GBDy-R1a7-qo4ztIGU4zg==/com.qrolic.reminderapp-pK-JOJjGDOTLxIltBXRnTA==/base.apk. target_sdk_version=30, uses_libraries=, library_path=/data/app/~~9GBDy-R1a7-qo4ztIGU4zg==/com.qrolic.reminderapp-pK-JOJjGDOTLxIltBXRnTA==/lib/x86_64, permitted_path=/data:/mnt/expand:/data/user/0/com.qrolic.reminderapp
07-03 15:35:15.035  8395  8395 V GraphicsEnvironment: ANGLE GameManagerService for com.qrolic.reminderapp: false
07-03 15:35:15.035  8395  8395 V GraphicsEnvironment: com.qrolic.reminderapp is not listed in per-application setting
07-03 15:35:15.273  8395  8431 W lic.reminderapp: Verification of java.lang.Object d.d.b.a.e.a.f0.l(org.json.JSONObject) took 119.732ms (133.63 bytecodes/s) (1552B approximate peak alloc)
07-03 15:35:15.808  8395  8431 W lic.reminderapp: Verification of java.lang.Object d.d.b.a.e.a.zn.createFromParcel(android.os.Parcel) took 191.389ms (465.02 bytecodes/s) (3024B approximate peak alloc)
07-03 15:35:16.512  8395  8395 W lic.reminderapp: Accessing hidden method Landroid/view/View;->computeFitSystemWindows(Landroid/graphics/Rect;Landroid/graphics/Rect;)Z (unsupported, reflection, allowed)
07-03 15:35:16.513  8395  8395 W lic.reminderapp: Accessing hidden method Landroid/view/ViewGroup;->makeOptionalFitsSystemWindows()V (unsupported, reflection, allowed)
07-03 15:35:20.616   663  2774 I AppsFilter: interaction: PackageSetting{53ad00f com.qrolic.reminderapp/10184} -> PackageSetting{9589c com.android.cts.priv.ctsshim/10176} BLOCKED
07-03 15:35:20.618   663  2774 I AppsFilter: interaction: PackageSetting{53ad00f com.qrolic.reminderapp/10184} -> PackageSetting{b75ced8 com.google.android.youtube/10146} BLOCKED
07-03 15:35:20.624   663  2774 I AppsFilter: interaction: PackageSetting{53ad00f com.qrolic.reminderapp/10184} -> PackageSetting{1a272a5 com.android.internal.display.cutout.emulation.corner/10030} BLOCKED
07-03 15:35:20.625   663  2774 I AppsFilter: interaction: PackageSetting{53ad00f com.qrolic.reminderapp/10184} -> PackageSetting{1b7467a com.android.internal.display.cutout.emulation.double/10056} BLOCKED
07-03 15:35:20.626   663  2774 I AppsFilter: interaction: PackageSetting{53ad00f com.qrolic.reminderapp/10184} -> PackageSetting{ede5e2b com.google.android.googlequicksearchbox/10123} BLOCKED
07-03 15:35:20.629  8395  8431 W lic.reminderapp: Long monitor contention with owner main (8395) at int com.google.android.gms.dynamite.DynamiteModule.n(android.content.Context, java.lang.String, boolean)(:140) waiters=0 in int com.google.android.gms.dynamite.DynamiteModule.f(android.content.Context, java.lang.String, boolean) for 3.551s
07-03 15:35:20.632   663  2774 I AppsFilter: interaction: PackageSetting{53ad00f com.qrolic.reminderapp/10184} -> PackageSetting{5a16288 com.google.android.onetimeinitializer/10110} BLOCKED
07-03 15:35:20.632   663  2774 I AppsFilter: interaction: PackageSetting{53ad00f com.qrolic.reminderapp/10184} -> PackageSetting{eec9421 com.google.android.ext.shared/10098} BLOCKED
07-03 15:35:20.632   663  2774 I AppsFilter: interaction: PackageSetting{53ad00f com.qrolic.reminderapp/10184} -> PackageSetting{2635046 com.android.internal.systemui.navbar.gestural_wide_back/10063} BLOCKED
07-03 15:35:20.633   663  2774 I AppsFilter: interaction: PackageSetting{53ad00f com.qrolic.reminderapp/10184} -> PackageSetting{2e2b207 com.android.virtualmachine.res/10163} BLOCKED
07-03 15:35:20.633   663  2774 I AppsFilter: interaction: PackageSetting{53ad00f com.qrolic.reminderapp/10184} -> PackageSetting{52e1f34 com.google.android.federatedcompute/10172} BLOCKED
07-03 15:35:20.633   663  2774 I AppsFilter: interaction: PackageSetting{53ad00f com.qrolic.reminderapp/10184} -> PackageSetting{85d515d com.android.managedprovisioning.auto_generated_rro_product__/10038} BLOCKED
07-03 15:35:20.634   663  2774 I AppsFilter: interaction: PackageSetting{53ad00f com.qrolic.reminderapp/10184} -> PackageSetting{9742ad2 com.android.carrierconfig.auto_generated_rro_vendor__/10070} BLOCKED
07-03 15:35:20.635   663  2774 I AppsFilter: interaction: PackageSetting{53ad00f com.qrolic.reminderapp/10184} -> PackageSetting{bee67a3 com.android.systemui.emulation.pixel_3_xl/10064} BLOCKED
07-03 15:35:20.635  8395  8482 W lic.reminderapp: Long monitor contention with owner main (8395) at int com.google.android.gms.dynamite.DynamiteModule.n(android.content.Context, java.lang.String, boolean)(:140) waiters=1 in int com.google.android.gms.dynamite.DynamiteModule.f(android.content.Context, java.lang.String, boolean) for 3.537s
07-03 15:35:20.639   663  2774 I AppsFilter: interaction: PackageSetting{53ad00f com.qrolic.reminderapp/10184} -> PackageSetting{327faa0 com.android.systemui.emulation.pixel_4_xl/10039} BLOCKED
07-03 15:35:20.652   663  2774 I AppsFilter: interaction: PackageSetting{53ad00f com.qrolic.reminderapp/10184} -> PackageSetting{e22a659 com.android.simappdialog.auto_generated_rro_product__/10061} BLOCKED
07-03 15:35:20.672   663  2774 I AppsFilter: interaction: PackageSetting{53ad00f com.qrolic.reminderapp/10184} -> PackageSetting{546221e com.android.htmlviewer/10099} BLOCKED
07-03 15:35:20.672   663  2774 I AppsFilter: interaction: PackageSetting{53ad00f com.qrolic.reminderapp/10184} -> PackageSetting{e75daff com.google.android.health.connect.backuprestore/10169} BLOCKED
07-03 15:35:20.672   663  2774 I AppsFilter: interaction: PackageSetting{53ad00f com.qrolic.reminderapp/10184} -> PackageSetting{12220cc com.android.systemui.auto_generated_rro_product__/10053} BLOCKED
07-03 15:35:20.673   663  2774 I AppsFilter: interaction: PackageSetting{53ad00f com.qrolic.reminderapp/10184} -> PackageSetting{b4e4f15 com.google.android.apps.messaging/10115} BLOCKED
07-03 15:35:20.673   663  2774 I AppsFilter: interaction: PackageSetting{53ad00f com.qrolic.reminderapp/10184} -> PackageSetting{bae422a com.google.android.soundpicker/10142} BLOCKED
07-03 15:35:20.673   663  2774 I AppsFilter: interaction: PackageSetting{53ad00f com.qrolic.reminderapp/10184} -> PackageSetting{7d7281b com.google.android.configupdater/10120} BLOCKED
07-03 15:35:20.674   663  2774 I AppsFilter: interaction: PackageSetting{53ad00f com.qrolic.reminderapp/10184} -> PackageSetting{4b67db8 com.android.internal.emulation.pixel_3a_xl/10006} BLOCKED
07-03 15:35:20.674   663  2774 I AppsFilter: interaction: PackageSetting{53ad00f com.qrolic.reminderapp/10184} -> PackageSetting{51c791 com.android.internal.emulation.pixel_6_pro/10046} BLOCKED
07-03 15:35:20.674   663  2774 I AppsFilter: interaction: PackageSetting{53ad00f com.qrolic.reminderapp/10184} -> PackageSetting{8c656f6 com.android.internal.emulation.pixel_7_pro/10016} BLOCKED
07-03 15:35:20.703   663  2774 I AppsFilter: interaction: PackageSetting{53ad00f com.qrolic.reminderapp/10184} -> PackageSetting{3362af7 com.android.internal.emulation.pixel_3a/10035} BLOCKED
07-03 15:35:20.703   663  2774 I AppsFilter: interaction: PackageSetting{53ad00f com.qrolic.reminderapp/10184} -> PackageSetting{131bd64 com.android.internal.emulation.pixel_4a/10031} BLOCKED
07-03 15:35:20.703   663  2774 I AppsFilter: interaction: PackageSetting{53ad00f com.qrolic.reminderapp/10184} -> PackageSetting{93a4bcd com.android.internal.emulation.pixel_6a/10032} BLOCKED
07-03 15:35:20.703   663  2774 I AppsFilter: interaction: PackageSetting{53ad00f com.qrolic.reminderapp/10184} -> PackageSetting{e78ec82 com.google.android.overlay.googlewebview/10057} BLOCKED
07-03 15:35:20.703   663  2774 I AppsFilter: interaction: PackageSetting{53ad00f com.qrolic.reminderapp/10184} -> PackageSetting{187f93 com.google.android.hotspot2.osulogin/10182} BLOCKED
07-03 15:35:20.704   663  2774 I AppsFilter: interaction: PackageSetting{53ad00f com.qrolic.reminderapp/10184} -> PackageSetting{fff4bd0 com.android.simappdialog/10092} BLOCKED
07-03 15:35:20.704   663  2774 I AppsFilter: interaction: PackageSetting{53ad00f com.qrolic.reminderapp/10184} -> PackageSetting{cd4ece com.android.internal.display.cutout.emulation.hole/10045} BLOCKED
07-03 15:35:20.704   663  2774 I AppsFilter: interaction: PackageSetting{53ad00f com.qrolic.reminderapp/10184} -> PackageSetting{6c181ef com.android.internal.display.cutout.emulation.tall/10047} BLOCKED
07-03 15:35:20.704   663  2774 I AppsFilter: interaction: PackageSetting{53ad00f com.qrolic.reminderapp/10184} -> PackageSetting{3d554fc com.android.internal.systemui.navbar.threebutton/10018} BLOCKED
07-03 15:35:20.705   663  2774 I AppsFilter: interaction: PackageSetting{53ad00f com.qrolic.reminderapp/10184} -> PackageSetting{8a22785 com.android.camera2/10125} BLOCKED
07-03 15:35:20.705   663  2774 I AppsFilter: interaction: PackageSetting{53ad00f com.qrolic.reminderapp/10184} -> PackageSetting{af389da com.android.systemui.auto_generated_rro_vendor__/10071} BLOCKED
07-03 15:35:20.705   663  2774 I AppsFilter: interaction: PackageSetting{53ad00f com.qrolic.reminderapp/10184} -> PackageSetting{64e4e0b com.google.android.deskclock/10127} BLOCKED
07-03 15:35:20.724   663  2774 I AppsFilter: interaction: PackageSetting{53ad00f com.qrolic.reminderapp/10184} -> PackageSetting{2a0c4e8 com.android.internal.systemui.navbar.twobutton/10034} BLOCKED
07-03 15:35:20.725   663  2774 I AppsFilter: interaction: PackageSetting{53ad00f com.qrolic.reminderapp/10184} -> PackageSetting{de2b701 com.google.android.as/10112} BLOCKED
07-03 15:35:20.725   663  2774 I AppsFilter: interaction: PackageSetting{53ad00f com.qrolic.reminderapp/10184} -> PackageSetting{91069a6 com.google.android.gm/10145} BLOCKED
07-03 15:35:20.725   663  2774 I AppsFilter: interaction: PackageSetting{53ad00f com.qrolic.reminderapp/10184} -> PackageSetting{891bfe7 com.android.internal.systemui.navbar.gestural_extra_wide_back/10015} BLOCKED
07-03 15:35:20.726   663  2774 I AppsFilter: interaction: PackageSetting{53ad00f com.qrolic.reminderapp/10184} -> PackageSetting{2314794 com.android.systemui.emulation.pixel_3/10002} BLOCKED
07-03 15:35:20.726   663  2774 I AppsFilter: interaction: PackageSetting{53ad00f com.qrolic.reminderapp/10184} -> PackageSetting{342c23d com.android.systemui.emulation.pixel_4/10048} BLOCKED
07-03 15:35:20.726   663  2774 I AppsFilter: interaction: PackageSetting{53ad00f com.qrolic.reminderapp/10184} -> PackageSetting{2c97a32 com.android.systemui.emulation.pixel_5/10054} BLOCKED
07-03 15:35:20.726   663  2774 I AppsFilter: interaction: PackageSetting{53ad00f com.qrolic.reminderapp/10184} -> PackageSetting{7b07383 com.android.systemui.emulation.pixel_6/10055} BLOCKED
07-03 15:35:20.727   663  2774 I AppsFilter: interaction: PackageSetting{53ad00f com.qrolic.reminderapp/10184} -> PackageSetting{f9e4539 com.android.systemui.emulation.pixel_7/10008} BLOCKED
07-03 15:35:20.727   663  2774 I AppsFilter: interaction: PackageSetting{53ad00f com.qrolic.reminderapp/10184} -> PackageSetting{291077e com.android.nfc.auto_generated_rro_product__/10066} BLOCKED
07-03 15:35:20.727   663  2774 I AppsFilter: interaction: PackageSetting{53ad00f com.qrolic.reminderapp/10184} -> PackageSetting{17cc4df com.android.printspooler/10091} BLOCKED
07-03 15:35:20.727   663  2774 I AppsFilter: interaction: PackageSetting{53ad00f com.qrolic.reminderapp/10184} -> PackageSetting{995f52c com.android.emergency.auto_generated_rro_product__/10020} BLOCKED
07-03 15:35:20.727   663  2774 I AppsFilter: interaction: PackageSetting{53ad00f com.qrolic.reminderapp/10184} -> PackageSetting{194fbf5 com.google.android.connectivity.resources.goldfish.overlay/10069} BLOCKED
07-03 15:35:20.727   663  2774 I AppsFilter: interaction: PackageSetting{53ad00f com.qrolic.reminderapp/10184} -> PackageSetting{5b21d8a com.android.dreams.basic/10104} BLOCKED
07-03 15:35:20.728   663  2774 I AppsFilter: interaction: PackageSetting{53ad00f com.qrolic.reminderapp/10184} -> PackageSetting{492cffb com.google.android.networkstack.tethering.emulator/10049} BLOCKED
07-03 15:35:20.728   663  2774 I AppsFilter: interaction: PackageSetting{53ad00f com.qrolic.reminderapp/10184} -> PackageSetting{5033818 com.android.providers.settings.auto_generated_rro_product__/10065} BLOCKED
07-03 15:35:20.728   663  2774 I AppsFilter: interaction: PackageSetting{53ad00f com.qrolic.reminderapp/10184} -> PackageSetting{8066271 com.google.android.as.oss/10108} BLOCKED
07-03 15:35:20.728   663  2774 I AppsFilter: interaction: PackageSetting{53ad00f com.qrolic.reminderapp/10184} -> PackageSetting{11c8856 com.android.traceur.auto_generated_rro_product__/10014} BLOCKED
07-03 15:35:20.728   663  2774 I AppsFilter: interaction: PackageSetting{53ad00f com.qrolic.reminderapp/10184} -> PackageSetting{f93988 com.google.android.devicelockcontroller/10174} BLOCKED
07-03 15:35:20.728   663  2774 I AppsFilter: interaction: PackageSetting{53ad00f com.qrolic.reminderapp/10184} -> PackageSetting{33470d7 com.google.android.dialer/10122} BLOCKED
07-03 15:35:20.729   663  2774 I AppsFilter: interaction: PackageSetting{53ad00f com.qrolic.reminderapp/10184} -> PackageSetting{4ffbdc4 com.android.internal.emulation.pixel_3/10013} BLOCKED
07-03 15:35:20.729   663  2774 I AppsFilter: interaction: PackageSetting{53ad00f com.qrolic.reminderapp/10184} -> PackageSetting{64db4ad com.android.internal.emulation.pixel_4/10010} BLOCKED
07-03 15:35:20.729   663  2774 I AppsFilter: interaction: PackageSetting{53ad00f com.qrolic.reminderapp/10184} -> PackageSetting{6f0d3e2 com.android.internal.emulation.pixel_5/10029} BLOCKED
07-03 15:35:20.729   663  2774 I AppsFilter: interaction: PackageSetting{53ad00f com.qrolic.reminderapp/10184} -> PackageSetting{7e54373 com.android.internal.emulation.pixel_6/10042} BLOCKED
07-03 15:35:20.729   663  2774 I AppsFilter: interaction: PackageSetting{53ad00f com.qrolic.reminderapp/10184} -> PackageSetting{51cf230 com.android.internal.emulation.pixel_7/10028} BLOCKED
07-03 15:35:20.729   663  2774 I AppsFilter: interaction: PackageSetting{53ad00f com.qrolic.reminderapp/10184} -> PackageSetting{3deea9 com.google.android.captiveportallogin/10095} BLOCKED
07-03 15:35:20.729   663  2774 I AppsFilter: interaction: PackageSetting{53ad00f com.qrolic.reminderapp/10184} -> PackageSetting{8cc4c2e com.android.musicfx/10077} BLOCKED
07-03 15:35:20.730   663  2774 I AppsFilter: interaction: PackageSetting{53ad00f com.qrolic.reminderapp/10184} -> PackageSetting{b687a78 com.google.android.apps.maps/10138} BLOCKED
07-03 15:35:20.730   663  2774 I AppsFilter: interaction: PackageSetting{53ad00f com.qrolic.reminderapp/10184} -> PackageSetting{7c6a3cf com.google.android.modulemetadata/10128} BLOCKED
07-03 15:35:20.730   663  2774 I AppsFilter: interaction: PackageSetting{53ad00f com.qrolic.reminderapp/10184} -> PackageSetting{697015c com.google.android.markup/10130} BLOCKED
07-03 15:35:20.730   663  2774 I AppsFilter: interaction: PackageSetting{53ad00f com.qrolic.reminderapp/10184} -> PackageSetting{9ddcc65 com.android.providers.settings.auto_generated_rro_vendor__/10068} BLOCKED
07-03 15:35:20.732  8395  8395 W lic.reminderapp: Loading /data/misc/apexdata/com.android.art/dalvik-cache/x86_64/system@framework@com.android.location.provider.jar@classes.odex non-executable as it requires an image which we failed to load
07-03 15:35:20.880   663  2774 I AppsFilter: interaction: PackageSetting{53ad00f com.qrolic.reminderapp/10184} -> PackageSetting{e3c442e com.google.android.rkpdapp/10160} BLOCKED
07-03 15:35:20.906   663  2774 I AppsFilter: interaction: PackageSetting{53ad00f com.qrolic.reminderapp/10184} -> PackageSetting{40d748 com.google.android.contacts/10133} BLOCKED
07-03 15:35:20.906   663  2774 I AppsFilter: interaction: PackageSetting{53ad00f com.qrolic.reminderapp/10184} -> PackageSetting{6e3c9e1 com.android.server.telecom.auto_generated_rro_product__/10025} BLOCKED
07-03 15:35:20.907   663  2774 I AppsFilter: interaction: PackageSetting{53ad00f com.qrolic.reminderapp/10184} -> PackageSetting{b85b306 com.google.android.overlay.googleconfig/10044} BLOCKED
